Archive member included to satisfy reference by file (symbol)

C:/ST/STM32CubeIDE_1.15.1/STM32CubeIDE/plugins/com.st.stm32cube.ide.mcu.externaltools.gnu-tools-for-stm32.12.3.rel1.win32_1.1.0.202410251130/tools/bin/../lib/gcc/arm-none-eabi/12.3.1/../../../../arm-none-eabi/lib/thumb/v6-m/nofp\libc_nano.a(libc_a-exit.o)
                              C:/ST/STM32CubeIDE_1.15.1/STM32CubeIDE/plugins/com.st.stm32cube.ide.mcu.externaltools.gnu-tools-for-stm32.12.3.rel1.win32_1.1.0.202410251130/tools/bin/../lib/gcc/arm-none-eabi/12.3.1/../../../../arm-none-eabi/lib/thumb/v6-m/nofp/crt0.o (exit)
C:/ST/STM32CubeIDE_1.15.1/STM32CubeIDE/plugins/com.st.stm32cube.ide.mcu.externaltools.gnu-tools-for-stm32.12.3.rel1.win32_1.1.0.202410251130/tools/bin/../lib/gcc/arm-none-eabi/12.3.1/../../../../arm-none-eabi/lib/thumb/v6-m/nofp\libc_nano.a(libc_a-strtod.o)
                              ./Core/libscpi/src/utils.o (strtod)
C:/ST/STM32CubeIDE_1.15.1/STM32CubeIDE/plugins/com.st.stm32cube.ide.mcu.externaltools.gnu-tools-for-stm32.12.3.rel1.win32_1.1.0.202410251130/tools/bin/../lib/gcc/arm-none-eabi/12.3.1/../../../../arm-none-eabi/lib/thumb/v6-m/nofp\libc_nano.a(libc_a-strtol.o)
                              ./Core/libscpi/src/utils.o (strtol)
C:/ST/STM32CubeIDE_1.15.1/STM32CubeIDE/plugins/com.st.stm32cube.ide.mcu.externaltools.gnu-tools-for-stm32.12.3.rel1.win32_1.1.0.202410251130/tools/bin/../lib/gcc/arm-none-eabi/12.3.1/../../../../arm-none-eabi/lib/thumb/v6-m/nofp\libc_nano.a(libc_a-strtoul.o)
                              ./Core/libscpi/src/utils.o (strtoul)
C:/ST/STM32CubeIDE_1.15.1/STM32CubeIDE/plugins/com.st.stm32cube.ide.mcu.externaltools.gnu-tools-for-stm32.12.3.rel1.win32_1.1.0.202410251130/tools/bin/../lib/gcc/arm-none-eabi/12.3.1/../../../../arm-none-eabi/lib/thumb/v6-m/nofp\libc_nano.a(libc_a-strtoll.o)
                              ./Core/libscpi/src/utils.o (strtoll)
C:/ST/STM32CubeIDE_1.15.1/STM32CubeIDE/plugins/com.st.stm32cube.ide.mcu.externaltools.gnu-tools-for-stm32.12.3.rel1.win32_1.1.0.202410251130/tools/bin/../lib/gcc/arm-none-eabi/12.3.1/../../../../arm-none-eabi/lib/thumb/v6-m/nofp\libc_nano.a(libc_a-strtoull.o)
                              ./Core/libscpi/src/utils.o (strtoull)
C:/ST/STM32CubeIDE_1.15.1/STM32CubeIDE/plugins/com.st.stm32cube.ide.mcu.externaltools.gnu-tools-for-stm32.12.3.rel1.win32_1.1.0.202410251130/tools/bin/../lib/gcc/arm-none-eabi/12.3.1/../../../../arm-none-eabi/lib/thumb/v6-m/nofp\libc_nano.a(libc_a-ctype_.o)
                              ./Core/libscpi/src/lexer.o (_ctype_)
C:/ST/STM32CubeIDE_1.15.1/STM32CubeIDE/plugins/com.st.stm32cube.ide.mcu.externaltools.gnu-tools-for-stm32.12.3.rel1.win32_1.1.0.202410251130/tools/bin/../lib/gcc/arm-none-eabi/12.3.1/../../../../arm-none-eabi/lib/thumb/v6-m/nofp\libc_nano.a(libc_a-findfp.o)
                              C:/ST/STM32CubeIDE_1.15.1/STM32CubeIDE/plugins/com.st.stm32cube.ide.mcu.externaltools.gnu-tools-for-stm32.12.3.rel1.win32_1.1.0.202410251130/tools/bin/../lib/gcc/arm-none-eabi/12.3.1/../../../../arm-none-eabi/lib/thumb/v6-m/nofp\libc_nano.a(libc_a-exit.o) (__stdio_exit_handler)
C:/ST/STM32CubeIDE_1.15.1/STM32CubeIDE/plugins/com.st.stm32cube.ide.mcu.externaltools.gnu-tools-for-stm32.12.3.rel1.win32_1.1.0.202410251130/tools/bin/../lib/gcc/arm-none-eabi/12.3.1/../../../../arm-none-eabi/lib/thumb/v6-m/nofp\libc_nano.a(libc_a-fwalk.o)
                              C:/ST/STM32CubeIDE_1.15.1/STM32CubeIDE/plugins/com.st.stm32cube.ide.mcu.externaltools.gnu-tools-for-stm32.12.3.rel1.win32_1.1.0.202410251130/tools/bin/../lib/gcc/arm-none-eabi/12.3.1/../../../../arm-none-eabi/lib/thumb/v6-m/nofp\libc_nano.a(libc_a-findfp.o) (_fwalk_sglue)
C:/ST/STM32CubeIDE_1.15.1/STM32CubeIDE/plugins/com.st.stm32cube.ide.mcu.externaltools.gnu-tools-for-stm32.12.3.rel1.win32_1.1.0.202410251130/tools/bin/../lib/gcc/arm-none-eabi/12.3.1/../../../../arm-none-eabi/lib/thumb/v6-m/nofp\libc_nano.a(libc_a-puts.o)
                              ./Core/Src/max6675.o (puts)
C:/ST/STM32CubeIDE_1.15.1/STM32CubeIDE/plugins/com.st.stm32cube.ide.mcu.externaltools.gnu-tools-for-stm32.12.3.rel1.win32_1.1.0.202410251130/tools/bin/../lib/gcc/arm-none-eabi/12.3.1/../../../../arm-none-eabi/lib/thumb/v6-m/nofp\libc_nano.a(libc_a-snprintf.o)
                              ./Core/libscpi/src/utils.o (snprintf)
C:/ST/STM32CubeIDE_1.15.1/STM32CubeIDE/plugins/com.st.stm32cube.ide.mcu.externaltools.gnu-tools-for-stm32.12.3.rel1.win32_1.1.0.202410251130/tools/bin/../lib/gcc/arm-none-eabi/12.3.1/../../../../arm-none-eabi/lib/thumb/v6-m/nofp\libc_nano.a(libc_a-sprintf.o)
                              ./Core/Src/scpi-com.o (sprintf)
C:/ST/STM32CubeIDE_1.15.1/STM32CubeIDE/plugins/com.st.stm32cube.ide.mcu.externaltools.gnu-tools-for-stm32.12.3.rel1.win32_1.1.0.202410251130/tools/bin/../lib/gcc/arm-none-eabi/12.3.1/../../../../arm-none-eabi/lib/thumb/v6-m/nofp\libc_nano.a(libc_a-stdio.o)
[...]
Memory Configuration

Name             Origin             Length             Attributes
RAM              0x20000000         0x00005000         xrw
FLASH            0x08000000         0x00030000         xr
*default*        0x00000000         0xffffffff

Linker script and memory map

LOAD C:/ST/STM32CubeIDE_1.15.1/STM32CubeIDE/plugins/com.st.stm32cube.ide.mcu.externaltools.gnu-tools-for-stm32.12.3.rel1.win32_1.1.0.202410251130/tools/bin/../lib/gcc/arm-none-eabi/12.3.1/thumb/v6-m/nofp/crti.o
LOAD C:/ST/STM32CubeIDE_1.15.1/STM32CubeIDE/plugins/com.st.stm32cube.ide.mcu.externaltools.gnu-tools-for-stm32.12.3.rel1.win32_1.1.0.202410251130/tools/bin/../lib/gcc/arm-none-eabi/12.3.1/thumb/v6-m/nofp/crtbegin.o
LOAD C:/ST/STM32CubeIDE_1.15.1/STM32CubeIDE/plugins/com.st.stm32cube.ide.mcu.externaltools.gnu-tools-for-stm32.12.3.rel1.win32_1.1.0.202410251130/tools/bin/../lib/gcc/arm-none-eabi/12.3.1/../../../../arm-none-eabi/lib/thumb/v6-m/nofp/crt0.o
LOAD ./Core/Src/main.o
LOAD ./Core/Src/max31855.o
LOAD ./Core/Src/max6675.o
LOAD ./Core/Src/scpi-com.o
LOAD ./Core/Src/scpi-def.o
LOAD ./Core/Src/stm32l0xx_hal_msp.o
LOAD ./Core/Src/stm32l0xx_it.o
LOAD ./Core/Src/syscalls.o
LOAD ./Core/Src/sysmem.o
LOAD ./Core/Src/system_stm32l0xx.o
LOAD ./Core/Startup/startup_stm32l072kztx.o
LOAD ./Core/libscpi/src/error.o
LOAD ./Core/libscpi/src/expression.o
LOAD ./Core/libscpi/src/fifo.o
LOAD ./Core/libscpi/src/ieee488.o
LOAD ./Core/libscpi/src/lexer.o
LOAD ./Core/libscpi/src/minimal.o
LOAD ./Core/libscpi/src/parser.o
LOAD ./Core/libscpi/src/units.o
LOAD ./Core/libscpi/src/utils.o
LOAD ./Drivers/STM32L0xx_HAL_Driver/Src/stm32l0xx_hal.o
LOAD ./Drivers/STM32L0xx_HAL_Driver/Src/stm32l0xx_hal_cortex.o
LOAD ./Drivers/STM32L0xx_HAL_Driver/Src/stm32l0xx_hal_dma.o
LOAD ./Drivers/STM32L0xx_HAL_Driver/Src/stm32l0xx_hal_exti.o
LOAD ./Drivers/STM32L0xx_HAL_Driver/Src/stm32l0xx_hal_flash.o
LOAD ./Drivers/STM32L0xx_HAL_Driver/Src/stm32l0xx_hal_flash_ex.o
LOAD ./Drivers/STM32L0xx_HAL_Driver/Src/stm32l0xx_hal_flash_ramfunc.o
LOAD ./Drivers/STM32L0xx_HAL_Driver/Src/stm32l0xx_hal_gpio.o
LOAD ./Drivers/STM32L0xx_HAL_Driver/Src/stm32l0xx_hal_i2c.o
LOAD ./Drivers/STM32L0xx_HAL_Driver/Src/stm32l0xx_hal_i2c_ex.o
LOAD ./Drivers/STM32L0xx_HAL_Driver/Src/stm32l0xx_hal_pcd.o
LOAD ./Drivers/STM32L0xx_HAL_Driver/Src/stm32l0xx_hal_pcd_ex.o
LOAD ./Drivers/STM32L0xx_HAL_Driver/Src/stm32l0xx_hal_pwr.o
LOAD ./Drivers/STM32L0xx_HAL_Driver/Src/stm32l0xx_hal_pwr_ex.o
LOAD ./Drivers/STM32L0xx_HAL_Driver/Src/stm32l0xx_hal_rcc.o
LOAD ./Drivers/STM32L0xx_HAL_Driver/Src/stm32l0xx_hal_rcc_ex.o
LOAD ./Drivers/STM32L0xx_HAL_Driver/Src/stm32l0xx_hal_spi.o
LOAD ./Drivers/STM32L0xx_HAL_Driver/Src/stm32l0xx_hal_tim.o
LOAD ./Drivers/STM32L0xx_HAL_Driver/Src/stm32l0xx_hal_tim_ex.o
LOAD ./Drivers/STM32L0xx_HAL_Driver/Src/stm32l0xx_ll_usb.o
LOAD ./Middlewares/ST/STM32_USB_Device_Library/Class/CDC/Src/usbd_cdc.o
LOAD ./Middlewares/ST/STM32_USB_Device_Library/Core/Src/usbd_core.o
LOAD ./Middlewares/ST/STM32_USB_Device_Library/Core/Src/usbd_ctlreq.o
LOAD ./Middlewares/ST/STM32_USB_Device_Library/Core/Src/usbd_ioreq.o
LOAD ./USB_DEVICE/App/usb_device.o
LOAD ./USB_DEVICE/App/usbd_cdc_if.o
LOAD ./USB_DEVICE/App/usbd_desc.o
LOAD ./USB_DEVICE/Target/usbd_conf.o
START GROUP
LOAD C:/ST/STM32CubeIDE_1.15.1/STM32CubeIDE/plugins/com.st.stm32cube.ide.mcu.externaltools.gnu-tools-for-stm32.12.3.rel1.win32_1.1.0.202410251130/tools/bin/../lib/gcc/arm-none-eabi/12.3.1/../../../../arm-none-eabi/lib/thumb/v6-m/nofp\libc_nano.a
LOAD C:/ST/STM32CubeIDE_1.15.1/STM32CubeIDE/plugins/com.st.stm32cube.ide.mcu.externaltools.gnu-tools-for-stm32.12.3.rel1.win32_1.1.0.202410251130/tools/bin/../lib/gcc/arm-none-eabi/12.3.1/../../../../arm-none-eabi/lib/thumb/v6-m/nofp\libm.a
END GROUP
START GROUP
LOAD C:/ST/STM32CubeIDE_1.15.1/STM32CubeIDE/plugins/com.st.stm32cube.ide.mcu.externaltools.gnu-tools-for-stm32.12.3.rel1.win32_1.1.0.202410251130/tools/bin/../lib/gcc/arm-none-eabi/12.3.1/thumb/v6-m/nofp\libgcc.a
LOAD C:/ST/STM32CubeIDE_1.15.1/STM32CubeIDE/plugins/com.st.stm32cube.ide.mcu.externaltools.gnu-tools-for-stm32.12.3.rel1.win32_1.1.0.202410251130/tools/bin/../lib/gcc/arm-none-eabi/12.3.1/../../../../arm-none-eabi/lib/thumb/v6-m/nofp\libc_nano.a
END GROUP
START GROUP
LOAD C:/ST/STM32CubeIDE_1.15.1/STM32CubeIDE/plugins/com.st.stm32cube.ide.mcu.externaltools.gnu-tools-for-stm32.12.3.rel1.win32_1.1.0.202410251130/tools/bin/../lib/gcc/arm-none-eabi/12.3.1/thumb/v6-m/nofp\libgcc.a
LOAD C:/ST/STM32CubeIDE_1.15.1/STM32CubeIDE/plugins/com.st.stm32cube.ide.mcu.externaltools.gnu-tools-for-stm32.12.3.rel1.win32_1.1.0.202410251130/tools/bin/../lib/gcc/arm-none-eabi/12.3.1/../../../../arm-none-eabi/lib/thumb/v6-m/nofp\libc_nano.a
LOAD C:/ST/STM32CubeIDE_1.15.1/STM32CubeIDE/plugins/com.st.stm32cube.ide.mcu.externaltools.gnu-tools-for-stm32.12.3.rel1.win32_1.1.0.202410251130/tools/bin/../lib/gcc/arm-none-eabi/12.3.1/../../../../arm-none-eabi/lib/thumb/v6-m/nofp\libnosys.a
END GROUP
START GROUP
LOAD C:/ST/STM32CubeIDE_1.15.1/STM32CubeIDE/plugins/com.st.stm32cube.ide.mcu.externaltools.gnu-tools-for-stm32.12.3.rel1.win32_1.1.0.202410251130/tools/bin/../lib/gcc/arm-none-eabi/12.3.1/thumb/v6-m/nofp\libgcc.a
LOAD C:/ST/STM32CubeIDE_1.15.1/STM32CubeIDE/plugins/com.st.stm32cube.ide.mcu.externaltools.gnu-tools-for-stm32.12.3.rel1.win32_1.1.0.202410251130/tools/bin/../lib/gcc/arm-none-eabi/12.3.1/../../../../arm-none-eabi/lib/thumb/v6-m/nofp\libc_nano.a
LOAD C:/ST/STM32CubeIDE_1.15.1/STM32CubeIDE/plugins/com.st.stm32cube.ide.mcu.externaltools.gnu-tools-for-stm32.12.3.rel1.win32_1.1.0.202410251130/tools/bin/../lib/gcc/arm-none-eabi/12.3.1/../../../../arm-none-eabi/lib/thumb/v6-m/nofp\libnosys.a
END GROUP
LOAD C:/ST/STM32CubeIDE_1.15.1/STM32CubeIDE/plugins/com.st.stm32cube.ide.mcu.externaltools.gnu-tools-for-stm32.12.3.rel1.win32_1.1.0.202410251130/tools/bin/../lib/gcc/arm-none-eabi/12.3.1/thumb/v6-m/nofp/crtend.o
LOAD C:/ST/STM32CubeIDE_1.15.1/STM32CubeIDE/plugins/com.st.stm32cube.ide.mcu.externaltools.gnu-tools-for-stm32.12.3.rel1.win32_1.1.0.202410251130/tools/bin/../lib/gcc/arm-none-eabi/12.3.1/thumb/v6-m/nofp/crtn.o
                0x20005000                        _estack = (ORIGIN (RAM) + LENGTH (RAM))
                0x00000200                        _Min_Heap_Size = 0x200
                0x00000400                        _Min_Stack_Size = 0x400

.isr_vector     0x08000000       0xc0
                0x08000000                        . = ALIGN (0x4)
 *(.isr_vector)
 .isr_vector    0x08000000       0xc0 ./Core/Startup/startup_stm32l072kztx.o
                0x08000000                g_pfnVectors
                0x080000c0                        . = ALIGN (0x4)

.text           0x080000c0     0xe068
                0x080000c0                        . = ALIGN (0x4)
 *(.text)
 .text          0x080000c0       0x48 C:/ST/STM32CubeIDE_1.15.1/STM32CubeIDE/plugins/com.st.stm32cube.ide.mcu.externaltools.gnu-tools-for-stm32.12.3.rel1.win32_1.1.0.202410251130/tools/bin/../lib/gcc/arm-none-eabi/12.3.1/thumb/v6-m/nofp/crtbegin.o
 .text          0x08000108        0xe C:/ST/STM32CubeIDE_1.15.1/STM32CubeIDE/plugins/com.st.stm32cube.ide.mcu.externaltools.gnu-tools-for-stm32.12.3.rel1.win32_1.1.0.202410251130/tools/bin/../lib/gcc/arm-none-eabi/12.3.1/../../../../arm-none-eabi/lib/thumb/v6-m/nofp\libc_nano.a(libc_a-strlen.o)
                0x08000108                strlen
 *fill*         0x08000116        0x2 
 .text          0x08000118       0x14 C:/ST/STM32CubeIDE_1.15.1/STM32CubeIDE/plugins/com.st.stm32cube.ide.mcu.externaltools.gnu-tools-for-stm32.12.3.rel1.win32_1.1.0.202410251130/tools/bin/../lib/gcc/arm-none-eabi/12.3.1/thumb/v6-m/nofp\libgcc.a(_thumb1_case_shi.o)
                0x08000118                __gnu_thumb1_case_shi
 .text          0x0800012c      0x114 C:/ST/STM32CubeIDE_1.15.1/STM32CubeIDE/plugins/com.st.stm32cube.ide.mcu.externaltools.gnu-tools-for-stm32.12.3.rel1.win32_1.1.0.202410251130/tools/bin/../lib/gcc/arm-none-eabi/12.3.1/thumb/v6-m/nofp\libgcc.a(_udivsi3.o)
                0x0800012c                __aeabi_uidiv
                0x0800012c                __udivsi3
                0x08000238                __aeabi_uidivmod
 .text          0x08000240      0x1d4 C:/ST/STM32CubeIDE_1.15.1/STM32CubeIDE/plugins/com.st.stm32cube.ide.mcu.externaltools.gnu-tools-for-stm32.12.3.rel1.win32_1.1.0.202410251130/tools/bin/../lib/gcc/arm-none-eabi/12.3.1/thumb/v6-m/nofp\libgcc.a(_divsi3.o)
                0x08000240                __divsi3
                0x08000240                __aeabi_idiv
                0x0800040c                __aeabi_idivmod
 .text          0x08000414        0x4 C:/ST/STM32CubeIDE_1.15.1/STM32CubeIDE/plugins/com.st.stm32cube.ide.mcu.externaltools.gnu-tools-for-stm32.12.3.rel1.win32_1.1.0.202410251130/tools/bin/../lib/gcc/arm-none-eabi/12.3.1/thumb/v6-m/nofp\libgcc.a(_dvmd_tls.o)
                0x08000414                __aeabi_idiv0
                0x08000414                __aeabi_ldiv0
 .text          0x08000418       0x40 C:/ST/STM32CubeIDE_1.15.1/STM32CubeIDE/plugins/com.st.stm32cube.ide.mcu.externaltools.gnu-tools-for-stm32.12.3.rel1.win32_1.1.0.202410251130/tools/bin/../lib/gcc/arm-none-eabi/12.3.1/thumb/v6-m/nofp\libgcc.a(_aeabi_uldivmod.o)
                0x08000418                __aeabi_uldivmod
 .text          0x08000458       0x5c C:/ST/STM32CubeIDE_1.15.1/STM32CubeIDE/plugins/com.st.stm32cube.ide.mcu.externaltools.gnu-tools-for-stm32.12.3.rel1.win32_1.1.0.202410251130/tools/bin/../lib/gcc/arm-none-eabi/12.3.1/thumb/v6-m/nofp\libgcc.a(_muldi3.o)
                0x08000458                __muldi3
                0x08000458                __aeabi_lmul
 .text          0x080004b4      0x198 C:/ST/STM32CubeIDE_1.15.1/STM32CubeIDE/plugins/com.st.stm32cube.ide.mcu.externaltools.gnu-tools-for-stm32.12.3.rel1.win32_1.1.0.202410251130/tools/bin/../lib/gcc/arm-none-eabi/12.3.1/thumb/v6-m/nofp\libgcc.a(_udivmoddi4.o)
                0x080004b4                __udivmoddi4
 .text          0x0800064c       0x3c C:/ST/STM32CubeIDE_1.15.1/STM32CubeIDE/plugins/com.st.stm32cube.ide.mcu.externaltools.gnu-tools-for-stm32.12.3.rel1.win32_1.1.0.202410251130/tools/bin/../lib/gcc/arm-none-eabi/12.3.1/thumb/v6-m/nofp\libgcc.a(_clzsi2.o)
                0x0800064c                __clzsi2
 .text          0x08000688       0x18 C:/ST/STM32CubeIDE_1.15.1/STM32CubeIDE/plugins/com.st.stm32cube.ide.mcu.externaltools.gnu-tools-for-stm32.12.3.rel1.win32_1.1.0.202410251130/tools/bin/../lib/gcc/arm-none-eabi/12.3.1/thumb/v6-m/nofp\libgcc.a(_clzdi2.o)
                0x08000688                __clzdi2
 *(.text*)
 .text.USB_RX   0x080006a0       0x64 ./Core/Src/main.o
                0x080006a0                USB_RX
 .text.send_msg
                0x08000704       0x26 ./Core/Src/main.o
                0x08000704                send_msg
 *fill*         0x0800072a        0x2 
 .text.main     0x0800072c       0xa4 ./Core/Src/main.o
                0x0800072c                main
 .text.SystemClock_Config
                0x080007d0       0xec ./Core/Src/main.o
                0x080007d0                SystemClock_Config
 .text.MX_SPI1_Init
                0x080008bc       0x70 ./Core/Src/main.o
 .text.MX_TIM2_Init
                0x0800092c       0xac ./Core/Src/main.o
 .text.MX_GPIO_Init
                0x080009d8       0xc8 ./Core/Src/main.o
 .text.Error_Handler
                0x08000aa0        0xc ./Core/Src/main.o
                0x08000aa0                Error_Handler
 .text.max6675_init
                0x08000aac        0xa ./Core/Src/max6675.o
                0x08000aac                max6675_init
 .text.SCPI_Write
                0x08000ab6       0x2a ./Core/Src/scpi-com.o
                0x08000ab6                SCPI_Write
 .text.SCPI_Flush
                0x08000ae0       0x12 ./Core/Src/scpi-com.o
                0x08000ae0                SCPI_Flush
 *fill*         0x08000af2        0x2 
 .text.SCPI_Error
                0x08000af4       0x40 ./Core/Src/scpi-com.o
                0x08000af4                SCPI_Error
 .text.SCPI_Control
                0x08000b34       0x6c ./Core/Src/scpi-com.o
                0x08000b34                SCPI_Control
 .text.SCPI_Reset
                0x08000ba0       0x30 ./Core/Src/scpi-com.o
                0x08000ba0                SCPI_Reset
 .text.SCPI_SystemCommTcpipControlQ
                0x08000bd0       0x14 ./Core/Src/scpi-com.o
                0x08000bd0                SCPI_SystemCommTcpipControlQ
 .text.EXAMPLE_MeasureVoltageIn
                0x08000be4       0x24 ./Core/Src/scpi-def.o
 .text.EXAMPLE_MeasureVoltageOut
                0x08000c08       0x24 ./Core/Src/scpi-def.o
 .text.TEST_Bool
                0x08000c2c       0x6c ./Core/Src/scpi-def.o
 .text.TEST_ChoiceQ
                0x08000c98       0x84 ./Core/Src/scpi-def.o
 .text.TEST_Numbers
                0x08000d1c       0x54 ./Core/Src/scpi-def.o
 .text.TEST_Text
                0x08000d70       0x6c ./Core/Src/scpi-def.o
 .text.TEST_ArbQ
                0x08000ddc       0x32 ./Core/Src/scpi-def.o
 *fill*         0x08000e0e        0x2 
 .text.TEST_Chanlst
                0x08000e10      0x448 ./Core/Src/scpi-def.o
 .text.My_CoreTstQ
                0x08001258       0x1c ./Core/Src/scpi-def.o
 .text.HAL_MspInit
                0x08001274       0x28 ./Core/Src/stm32l0xx_hal_msp.o
                0x08001274                HAL_MspInit
 .text.HAL_SPI_MspInit
                0x0800129c       0x88 ./Core/Src/stm32l0xx_hal_msp.o
                0x0800129c                HAL_SPI_MspInit
 .text.HAL_TIM_Base_MspInit
                0x08001324       0x3c ./Core/Src/stm32l0xx_hal_msp.o
                0x08001324                HAL_TIM_Base_MspInit
 .text.NMI_Handler
                0x08001360        0x8 ./Core/Src/stm32l0xx_it.o
                0x08001360                NMI_Handler
 .text.HardFault_Handler
                0x08001368        0x8 ./Core/Src/stm32l0xx_it.o
                0x08001368                HardFault_Handler
 .text.SVC_Handler
                0x08001370        0xa ./Core/Src/stm32l0xx_it.o
                0x08001370                SVC_Handler
 .text.PendSV_Handler
                0x0800137a        0xa ./Core/Src/stm32l0xx_it.o
                0x0800137a                PendSV_Handler
 .text.SysTick_Handler
                0x08001384        0xe ./Core/Src/stm32l0xx_it.o
                0x08001384                SysTick_Handler
 *fill*         0x08001392        0x2 
 .text.TIM2_IRQHandler
                0x08001394       0x18 ./Core/Src/stm32l0xx_it.o
                0x08001394                TIM2_IRQHandler
 .text.USB_IRQHandler
                0x080013ac       0x18 ./Core/Src/stm32l0xx_it.o
                0x080013ac                USB_IRQHandler
 .text._sbrk    0x080013c4       0x6c ./Core/Src/sysmem.o
                0x080013c4                _sbrk
 .text.SystemInit
                0x08001430        0xa ./Core/Src/system_stm32l0xx.o
                0x08001430                SystemInit
 *fill*         0x0800143a        0x2 
 .text.Reset_Handler
                0x0800143c       0x50 ./Core/Startup/startup_stm32l072kztx.o
                0x0800143c                Reset_Handler
 .text.Default_Handler
                0x0800148c        0x2 ./Core/Startup/startup_stm32l072kztx.o
                0x0800148c                TSC_IRQHandler
                0x0800148c                ADC1_COMP_IRQHandler
                0x0800148c                PVD_IRQHandler
                0x0800148c                I2C1_IRQHandler
                0x0800148c                RCC_CRS_IRQHandler
                0x0800148c                SPI1_IRQHandler
                0x0800148c                TIM6_DAC_IRQHandler
                0x0800148c                EXTI2_3_IRQHandler
                0x0800148c                I2C2_IRQHandler
                0x0800148c                RTC_IRQHandler
                0x0800148c                DMA1_Channel4_5_6_7_IRQHandler
                0x0800148c                TIM3_IRQHandler
                0x0800148c                EXTI4_15_IRQHandler
                0x0800148c                DMA1_Channel1_IRQHandler
                0x0800148c                USART4_5_IRQHandler
                0x0800148c                Default_Handler
                0x0800148c                TIM22_IRQHandler
                0x0800148c                TIM7_IRQHandler
                0x0800148c                EXTI0_1_IRQHandler
                0x0800148c                I2C3_IRQHandler
                0x0800148c                SPI2_IRQHandler
                0x0800148c                TIM21_IRQHandler
                0x0800148c                WWDG_IRQHandler
                0x0800148c                DMA1_Channel2_3_IRQHandler
                0x0800148c                USART2_IRQHandler
                0x0800148c                FLASH_IRQHandler
                0x0800148c                USART1_IRQHandler
                0x0800148c                RNG_LPUART1_IRQHandler
                0x0800148c                LPTIM1_IRQHandler
 .text.SCPI_ErrorInit
                0x0800148e       0x2a ./Core/libscpi/src/error.o
                0x0800148e                SCPI_ErrorInit
 .text.SCPI_ErrorEmitEmpty
                0x080014b8       0x5c ./Core/libscpi/src/error.o
 .text.SCPI_ErrorEmit
                0x08001514       0x46 ./Core/libscpi/src/error.o
 .text.SCPI_ErrorClear
                0x0800155a       0x22 ./Core/libscpi/src/error.o
                0x0800155a                SCPI_ErrorClear
 .text.SCPI_ErrorPop
                0x0800157c       0x40 ./Core/libscpi/src/error.o
                0x0800157c                SCPI_ErrorPop
 .text.SCPI_ErrorCount
                0x080015bc       0x2e ./Core/libscpi/src/error.o
                0x080015bc                SCPI_ErrorCount
 *fill*         0x080015ea        0x2 
 .text.SCPI_ErrorAddInternal
                0x080015ec       0x74 ./Core/libscpi/src/error.o
 .text.SCPI_ErrorPushEx
                0x08001660      0x10c ./Core/libscpi/src/error.o
                0x08001660                SCPI_ErrorPushEx
 .text.SCPI_ErrorPush
                0x0800176c       0x26 ./Core/libscpi/src/error.o
                0x0800176c                SCPI_ErrorPush
 *fill*         0x08001792        0x2 
 .text.SCPI_ErrorTranslate
                0x08001794      0x104 ./Core/libscpi/src/error.o
                0x08001794                SCPI_ErrorTranslate
 .text.channelSpec
                0x08001898       0x7c ./Core/libscpi/src/expression.o
 .text.channelRange
                0x08001914       0xb6 ./Core/libscpi/src/expression.o
 *fill*         0x080019ca        0x2 
 .text.SCPI_ExprChannelListEntry
                0x080019cc      0x188 ./Core/libscpi/src/expression.o
                0x080019cc                SCPI_ExprChannelListEntry
 .text.fifo_init
                0x08001b54       0x36 ./Core/libscpi/src/fifo.o
                0x08001b54                fifo_init
 .text.fifo_clear
                0x08001b8a       0x22 ./Core/libscpi/src/fifo.o
                0x08001b8a                fifo_clear
 .text.fifo_is_empty
                0x08001bac       0x1c ./Core/libscpi/src/fifo.o
                0x08001bac                fifo_is_empty
 .text.fifo_is_full
                0x08001bc8       0x24 ./Core/libscpi/src/fifo.o
                0x08001bc8                fifo_is_full
 .text.fifo_add
                0x08001bec       0x72 ./Core/libscpi/src/fifo.o
                0x08001bec                fifo_add
 .text.fifo_remove
                0x08001c5e       0x6e ./Core/libscpi/src/fifo.o
                0x08001c5e                fifo_remove
 .text.fifo_remove_last
                0x08001ccc       0x78 ./Core/libscpi/src/fifo.o
                0x08001ccc                fifo_remove_last
 .text.fifo_count
                0x08001d44       0x1e ./Core/libscpi/src/fifo.o
                0x08001d44                fifo_count
 .text.regUpdate
                0x08001d62       0x34 ./Core/libscpi/src/ieee488.o
 .text.regUpdateEvent
                0x08001d96       0x5c ./Core/libscpi/src/ieee488.o
 .text.regUpdateSTB
                0x08001df2       0x68 ./Core/libscpi/src/ieee488.o
 .text.SCPI_RegGet
                0x08001e5a       0x34 ./Core/libscpi/src/ieee488.o
                0x08001e5a                SCPI_RegGet
 .text.writeControl
                0x08001e8e       0x52 ./Core/libscpi/src/ieee488.o
 .text.SCPI_RegSet
                0x08001ee0      0x198 ./Core/libscpi/src/ieee488.o
                0x08001ee0                SCPI_RegSet
 .text.SCPI_RegSetBits
                0x08002078       0x46 ./Core/libscpi/src/ieee488.o
                0x08002078                SCPI_RegSetBits
 .text.SCPI_RegClearBits
                0x080020be       0x4e ./Core/libscpi/src/ieee488.o
                0x080020be                SCPI_RegClearBits
 .text.SCPI_EventClear
                0x0800210c       0x1c ./Core/libscpi/src/ieee488.o
                0x0800210c                SCPI_EventClear
 .text.SCPI_CoreCls
                0x08002128       0x3a ./Core/libscpi/src/ieee488.o
                0x08002128                SCPI_CoreCls
 .text.SCPI_CoreEse
                0x08002162       0x38 ./Core/libscpi/src/ieee488.o
                0x08002162                SCPI_CoreEse
 .text.SCPI_CoreEseQ
                0x0800219a       0x2a ./Core/libscpi/src/ieee488.o
                0x0800219a                SCPI_CoreEseQ
 .text.SCPI_CoreEsrQ
                0x080021c4       0x36 ./Core/libscpi/src/ieee488.o
                0x080021c4                SCPI_CoreEsrQ
 *fill*         0x080021fa        0x2 
 .text.SCPI_CoreIdnQ
                0x080021fc       0x78 ./Core/libscpi/src/ieee488.o
                0x080021fc                SCPI_CoreIdnQ
 .text.SCPI_CoreOpc
                0x08002274       0x1e ./Core/libscpi/src/ieee488.o
                0x08002274                SCPI_CoreOpc
 .text.SCPI_CoreOpcQ
                0x08002292       0x1c ./Core/libscpi/src/ieee488.o
                0x08002292                SCPI_CoreOpcQ
 .text.SCPI_CoreRst
                0x080022ae       0x3a ./Core/libscpi/src/ieee488.o
                0x080022ae                SCPI_CoreRst
 .text.SCPI_CoreSre
                0x080022e8       0x38 ./Core/libscpi/src/ieee488.o
                0x080022e8                SCPI_CoreSre
 .text.SCPI_CoreSreQ
                0x08002320       0x2a ./Core/libscpi/src/ieee488.o
                0x08002320                SCPI_CoreSreQ
 .text.SCPI_CoreStbQ
                0x0800234a       0x2a ./Core/libscpi/src/ieee488.o
                0x0800234a                SCPI_CoreStbQ
 .text.SCPI_CoreWai
                0x08002374       0x12 ./Core/libscpi/src/ieee488.o
                0x08002374                SCPI_CoreWai
 .text.isws     0x08002386       0x22 ./Core/libscpi/src/lexer.o
 .text.isbdigit
                0x080023a8       0x22 ./Core/libscpi/src/lexer.o
 .text.isqdigit
                0x080023ca       0x46 ./Core/libscpi/src/lexer.o
 .text.iseos    0x08002410       0x28 ./Core/libscpi/src/lexer.o
 .text.scpiLex_IsEos
                0x08002438       0x1a ./Core/libscpi/src/lexer.o
                0x08002438                scpiLex_IsEos
 .text.ischr    0x08002452       0x28 ./Core/libscpi/src/lexer.o
 .text.isplusmn
                0x0800247a       0x22 ./Core/libscpi/src/lexer.o
 .text.isH      0x0800249c       0x22 ./Core/libscpi/src/lexer.o
 .text.isB      0x080024be       0x22 ./Core/libscpi/src/lexer.o
 .text.isQ      0x080024e0       0x22 ./Core/libscpi/src/lexer.o
 .text.isE      0x08002502       0x22 ./Core/libscpi/src/lexer.o
 .text.skipWs   0x08002524       0x44 ./Core/libscpi/src/lexer.o
 .text.skipDigit
                0x08002568       0x48 ./Core/libscpi/src/lexer.o
 .text.skipNumbers
                0x080025b0       0x50 ./Core/libscpi/src/lexer.o
 .text.skipPlusmn
                0x08002600       0x3c ./Core/libscpi/src/lexer.o
 .text.skipAlpha
                0x0800263c       0x50 ./Core/libscpi/src/lexer.o
 .text.skipChr  0x0800268c       0x44 ./Core/libscpi/src/lexer.o
 .text.skipSlashDot
                0x080026d0       0x48 ./Core/libscpi/src/lexer.o
 .text.skipStar
                0x08002718       0x3a ./Core/libscpi/src/lexer.o
 .text.skipColon
                0x08002752       0x3a ./Core/libscpi/src/lexer.o
 .text.skipProgramMnemonic
                0x0800278c       0xa0 ./Core/libscpi/src/lexer.o
 .text.scpiLex_WhiteSpace
                0x0800282c       0x4a ./Core/libscpi/src/lexer.o
                0x0800282c                scpiLex_WhiteSpace
 .text.skipCommonProgramHeader
                0x08002876       0x5c ./Core/libscpi/src/lexer.o
 .text.skipCompoundProgramHeader
                0x080028d2       0x7a ./Core/libscpi/src/lexer.o
 .text.scpiLex_ProgramHeader
                0x0800294c       0xca ./Core/libscpi/src/lexer.o
                0x0800294c                scpiLex_ProgramHeader
 *fill*         0x08002a16        0x2 
 .text.scpiLex_CharacterProgramData
                0x08002a18       0xb0 ./Core/libscpi/src/lexer.o
                0x08002a18                scpiLex_CharacterProgramData
 .text.skipMantisa
                0x08002ac8       0x4c ./Core/libscpi/src/lexer.o
 .text.skipExponent
                0x08002b14       0x58 ./Core/libscpi/src/lexer.o
 .text.scpiLex_DecimalNumericProgramData
                0x08002b6c       0x78 ./Core/libscpi/src/lexer.o
                0x08002b6c                scpiLex_DecimalNumericProgramData
 .text.scpiLex_SuffixProgramData
                0x08002be4       0xa0 ./Core/libscpi/src/lexer.o
                0x08002be4                scpiLex_SuffixProgramData
 .text.skipHexNum
                0x08002c84       0x50 ./Core/libscpi/src/lexer.o
 .text.skipOctNum
                0x08002cd4       0x44 ./Core/libscpi/src/lexer.o
 .text.skipBinNum
                0x08002d18       0x44 ./Core/libscpi/src/lexer.o
 .text.scpiLex_NondecimalNumericData
                0x08002d5c      0x106 ./Core/libscpi/src/lexer.o
                0x08002d5c                scpiLex_NondecimalNumericData
 .text.isascii7bit
                0x08002e62       0x22 ./Core/libscpi/src/lexer.o
 .text.skipQuoteProgramData
                0x08002e84       0xa8 ./Core/libscpi/src/lexer.o
 .text.skipDoubleQuoteProgramData
                0x08002f2c       0x1a ./Core/libscpi/src/lexer.o
 .text.skipSingleQuoteProgramData
                0x08002f46       0x1a ./Core/libscpi/src/lexer.o
 .text.scpiLex_StringProgramData
                0x08002f60      0x120 ./Core/libscpi/src/lexer.o
                0x08002f60                scpiLex_StringProgramData
 .text.isNonzeroDigit
                0x08003080       0x34 ./Core/libscpi/src/lexer.o
 .text.scpiLex_ArbitraryBlockProgramData
                0x080030b4      0x180 ./Core/libscpi/src/lexer.o
                0x080030b4                scpiLex_ArbitraryBlockProgramData
 .text.isProgramExpression
                0x08003234       0x46 ./Core/libscpi/src/lexer.o
 .text.skipProgramExpression
                0x0800327a       0x38 ./Core/libscpi/src/lexer.o
 .text.scpiLex_ProgramExpression
                0x080032b2       0xa8 ./Core/libscpi/src/lexer.o
                0x080032b2                scpiLex_ProgramExpression
 .text.scpiLex_Comma
                0x0800335a       0x46 ./Core/libscpi/src/lexer.o
                0x0800335a                scpiLex_Comma
 .text.scpiLex_Semicolon
                0x080033a0       0x46 ./Core/libscpi/src/lexer.o
                0x080033a0                scpiLex_Semicolon
 .text.scpiLex_Colon
                0x080033e6       0x46 ./Core/libscpi/src/lexer.o
                0x080033e6                scpiLex_Colon
 .text.scpiLex_SpecificCharacter
                0x0800342c       0x4e ./Core/libscpi/src/lexer.o
                0x0800342c                scpiLex_SpecificCharacter
 .text.scpiLex_NewLine
                0x0800347a       0x64 ./Core/libscpi/src/lexer.o
                0x0800347a                scpiLex_NewLine
 .text.SCPI_StubQ
                0x080034de       0x1c ./Core/libscpi/src/minimal.o
                0x080034de                SCPI_StubQ
 *fill*         0x080034fa        0x2 
 .text.SCPI_SystemVersionQ
                0x080034fc       0x24 ./Core/libscpi/src/minimal.o
                0x080034fc                SCPI_SystemVersionQ
 .text.SCPI_SystemErrorNextQ
                0x08003520       0x2c ./Core/libscpi/src/minimal.o
                0x08003520                SCPI_SystemErrorNextQ
 .text.SCPI_SystemErrorCountQ
                0x0800354c       0x26 ./Core/libscpi/src/minimal.o
                0x0800354c                SCPI_SystemErrorCountQ
 .text.SCPI_StatusQuestionableEventQ
                0x08003572       0x36 ./Core/libscpi/src/minimal.o
                0x08003572                SCPI_StatusQuestionableEventQ
 .text.SCPI_StatusQuestionableEnableQ
                0x080035a8       0x2a ./Core/libscpi/src/minimal.o
                0x080035a8                SCPI_StatusQuestionableEnableQ
 .text.SCPI_StatusQuestionableEnable
                0x080035d2       0x32 ./Core/libscpi/src/minimal.o
                0x080035d2                SCPI_StatusQuestionableEnable
 .text.SCPI_StatusPreset
                0x08003604       0x1e ./Core/libscpi/src/minimal.o
                0x08003604                SCPI_StatusPreset
 .text.writeData
                0x08003622       0x2e ./Core/libscpi/src/parser.o
 .text.flushData
                0x08003650       0x3a ./Core/libscpi/src/parser.o
 *fill*         0x0800368a        0x2 
 .text.writeDelimiter
                0x0800368c       0x30 ./Core/libscpi/src/parser.o
 .text.writeNewLine
                0x080036bc       0x3c ./Core/libscpi/src/parser.o
 .text.writeSemicolon
                0x080036f8       0x30 ./Core/libscpi/src/parser.o
 .text.processCommand
                0x08003728       0xd8 ./Core/libscpi/src/parser.o
 .text.findCommandHeader
                0x08003800       0x6e ./Core/libscpi/src/parser.o
 .text.SCPI_Parse
                0x0800386e      0x164 ./Core/libscpi/src/parser.o
                0x0800386e                SCPI_Parse
 .text.SCPI_Init
                0x080039d2       0x78 ./Core/libscpi/src/parser.o
                0x080039d2                SCPI_Init
 *fill*         0x08003a4a        0x2 
 .text.SCPI_Input
                0x08003a4c      0x164 ./Core/libscpi/src/parser.o
                0x08003a4c                SCPI_Input
 .text.SCPI_ResultCharacters
                0x08003bb0       0x48 ./Core/libscpi/src/parser.o
                0x08003bb0                SCPI_ResultCharacters
 .text.getBasePrefix
                0x08003bf8       0x44 ./Core/libscpi/src/parser.o
 .text.resultUInt32BaseSign
                0x08003c3c       0x9c ./Core/libscpi/src/parser.o
 .text.SCPI_ResultInt32
                0x08003cd8       0x20 ./Core/libscpi/src/parser.o
                0x08003cd8                SCPI_ResultInt32
 .text.SCPI_ResultUInt32Base
                0x08003cf8       0x28 ./Core/libscpi/src/parser.o
                0x08003cf8                SCPI_ResultUInt32Base
 .text.SCPI_ResultDouble
                0x08003d20       0x5a ./Core/libscpi/src/parser.o
                0x08003d20                SCPI_ResultDouble
 *fill*         0x08003d7a        0x2 
 .text.SCPI_ResultError
                0x08003d7c      0x230 ./Core/libscpi/src/parser.o
                0x08003d7c                SCPI_ResultError
 .text.SCPI_ResultArbitraryBlockHeader
                0x08003fac       0x5a ./Core/libscpi/src/parser.o
                0x08003fac                SCPI_ResultArbitraryBlockHeader
 *fill*         0x08004006        0x2 
 .text.SCPI_ResultArbitraryBlockData
                0x08004008       0x68 ./Core/libscpi/src/parser.o
                0x08004008                SCPI_ResultArbitraryBlockData
 .text.SCPI_ResultArbitraryBlock
                0x08004070       0x42 ./Core/libscpi/src/parser.o
                0x08004070                SCPI_ResultArbitraryBlock
 .text.invalidateToken
                0x080040b2       0x24 ./Core/libscpi/src/parser.o
 *fill*         0x080040d6        0x2 
 .text.SCPI_Parameter
                0x080040d8       0xf8 ./Core/libscpi/src/parser.o
                0x080040d8                SCPI_Parameter
 .text.SCPI_ParamIsNumber
                0x080041d0       0x3a ./Core/libscpi/src/parser.o
                0x080041d0                SCPI_ParamIsNumber
 *fill*         0x0800420a        0x2 
 .text.ParamSignToUInt32
                0x0800420c       0xd4 ./Core/libscpi/src/parser.o
 .text.SCPI_ParamToInt32
                0x080042e0       0x22 ./Core/libscpi/src/parser.o
                0x080042e0                SCPI_ParamToInt32
 *fill*         0x08004302        0x2 
 .text.ParamSignUInt32
                0x08004304       0xc4 ./Core/libscpi/src/parser.o
 .text.SCPI_ParamInt32
                0x080043c8       0x26 ./Core/libscpi/src/parser.o
                0x080043c8                SCPI_ParamInt32
 *fill*         0x080043ee        0x2 
 .text.SCPI_ParamArbitraryBlock
                0x080043f0       0x94 ./Core/libscpi/src/parser.o
                0x080043f0                SCPI_ParamArbitraryBlock
 .text.SCPI_ParamCopyText
                0x08004484      0x114 ./Core/libscpi/src/parser.o
                0x08004484                SCPI_ParamCopyText
 .text.SCPI_ParamToChoice
                0x08004598       0xe4 ./Core/libscpi/src/parser.o
                0x08004598                SCPI_ParamToChoice
 .text.SCPI_ChoiceToName
                0x0800467c       0x52 ./Core/libscpi/src/parser.o
                0x0800467c                SCPI_ChoiceToName
 *fill*         0x080046ce        0x2 
 .text.SCPI_ParamBool
                0x080046d0       0xac ./Core/libscpi/src/parser.o
                0x080046d0                SCPI_ParamBool
 .text.SCPI_ParamChoice
                0x0800477c       0x74 ./Core/libscpi/src/parser.o
                0x0800477c                SCPI_ParamChoice
 .text.scpiParser_parseProgramData
                0x080047f0      0x11a ./Core/libscpi/src/parser.o
                0x080047f0                scpiParser_parseProgramData
 .text.scpiParser_parseAllProgramData
                0x0800490a       0xd2 ./Core/libscpi/src/parser.o
                0x0800490a                scpiParser_parseAllProgramData
 .text.scpiParser_detectProgramMessageUnit
                0x080049dc      0x158 ./Core/libscpi/src/parser.o
                0x080049dc                scpiParser_detectProgramMessageUnit
 .text.SCPI_CommandNumbers
                0x08004b34       0x36 ./Core/libscpi/src/parser.o
                0x08004b34                SCPI_CommandNumbers
 .text.strnpbrk
                0x08004b6a       0x5c ./Core/libscpi/src/utils.o
                0x08004b6a                strnpbrk
 *fill*         0x08004bc6        0x2 
 .text.UInt32ToStrBaseSign
                0x08004bc8      0x158 ./Core/libscpi/src/utils.o
                0x08004bc8                UInt32ToStrBaseSign
 .text.SCPI_UInt32ToStrBase
                0x08004d20       0x30 ./Core/libscpi/src/utils.o
                0x08004d20                SCPI_UInt32ToStrBase
 .text.SCPI_DoubleToStr
                0x08004d50       0x38 ./Core/libscpi/src/utils.o
                0x08004d50                SCPI_DoubleToStr
 .text.strBaseToInt32
                0x08004d88       0x34 ./Core/libscpi/src/utils.o
                0x08004d88                strBaseToInt32
 .text.strBaseToUInt32
                0x08004dbc       0x34 ./Core/libscpi/src/utils.o
                0x08004dbc                strBaseToUInt32
 .text.compareStr
                0x08004df0       0x38 ./Core/libscpi/src/utils.o
                0x08004df0                compareStr
 .text.compareStrAndNum
                0x08004e28       0xc4 ./Core/libscpi/src/utils.o
                0x08004e28                compareStrAndNum
 .text.patternSeparatorShortPos
                0x08004eec       0x58 ./Core/libscpi/src/utils.o
 .text.patternSeparatorPos
                0x08004f44       0x38 ./Core/libscpi/src/utils.o
 .text.cmdSeparatorPos
                0x08004f7c       0x3c ./Core/libscpi/src/utils.o
 .text.matchPattern
                0x08004fb8       0xba ./Core/libscpi/src/utils.o
                0x08004fb8                matchPattern
 .text.matchCommand
                0x08005072      0x3ae ./Core/libscpi/src/utils.o
                0x08005072                matchCommand
 .text.composeCompoundCommand
                0x08005420       0xc8 ./Core/libscpi/src/utils.o
                0x08005420                composeCompoundCommand
 .text.HAL_Init
                0x080054e8       0x40 ./Drivers/STM32L0xx_HAL_Driver/Src/stm32l0xx_hal.o
                0x080054e8                HAL_Init
 .text.HAL_InitTick
                0x08005528       0x68 ./Drivers/STM32L0xx_HAL_Driver/Src/stm32l0xx_hal.o
                0x08005528                HAL_InitTick
 .text.HAL_IncTick
                0x08005590       0x24 ./Drivers/STM32L0xx_HAL_Driver/Src/stm32l0xx_hal.o
                0x08005590                HAL_IncTick
 .text.HAL_GetTick
                0x080055b4       0x14 ./Drivers/STM32L0xx_HAL_Driver/Src/stm32l0xx_hal.o
                0x080055b4                HAL_GetTick
 .text.HAL_Delay
                0x080055c8       0x48 ./Drivers/STM32L0xx_HAL_Driver/Src/stm32l0xx_hal.o
                0x080055c8                HAL_Delay
 .text.__NVIC_EnableIRQ
                0x08005610       0x34 ./Drivers/STM32L0xx_HAL_Driver/Src/stm32l0xx_hal_cortex.o
 .text.__NVIC_SetPriority
                0x08005644       0xdc ./Drivers/STM32L0xx_HAL_Driver/Src/stm32l0xx_hal_cortex.o
 .text.SysTick_Config
                0x08005720       0x48 ./Drivers/STM32L0xx_HAL_Driver/Src/stm32l0xx_hal_cortex.o
 .text.HAL_NVIC_SetPriority
                0x08005768       0x2a ./Drivers/STM32L0xx_HAL_Driver/Src/stm32l0xx_hal_cortex.o
                0x08005768                HAL_NVIC_SetPriority
 .text.HAL_NVIC_EnableIRQ
                0x08005792       0x20 ./Drivers/STM32L0xx_HAL_Driver/Src/stm32l0xx_hal_cortex.o
                0x08005792                HAL_NVIC_EnableIRQ
 .text.HAL_SYSTICK_Config
                0x080057b2       0x1a ./Drivers/STM32L0xx_HAL_Driver/Src/stm32l0xx_hal_cortex.o
                0x080057b2                HAL_SYSTICK_Config
 .text.HAL_GPIO_Init
                0x080057cc      0x2fc ./Drivers/STM32L0xx_HAL_Driver/Src/stm32l0xx_hal_gpio.o
                0x080057cc                HAL_GPIO_Init
 .text.HAL_GPIO_WritePin
                0x08005ac8       0x3a ./Drivers/STM32L0xx_HAL_Driver/Src/stm32l0xx_hal_gpio.o
                0x08005ac8                HAL_GPIO_WritePin
 *fill*         0x08005b02        0x2 
 .text.HAL_PCD_Init
                0x08005b04      0x200 ./Drivers/STM32L0xx_HAL_Driver/Src/stm32l0xx_hal_pcd.o
                0x08005b04                HAL_PCD_Init
 .text.HAL_PCD_Start
                0x08005d04       0x4a ./Drivers/STM32L0xx_HAL_Driver/Src/stm32l0xx_hal_pcd.o
                0x08005d04                HAL_PCD_Start
 *fill*         0x08005d4e        0x2 
 .text.HAL_PCD_IRQHandler
                0x08005d50      0x288 ./Drivers/STM32L0xx_HAL_Driver/Src/stm32l0xx_hal_pcd.o
                0x08005d50                HAL_PCD_IRQHandler
 .text.HAL_PCD_SetAddress
                0x08005fd8       0x56 ./Drivers/STM32L0xx_HAL_Driver/Src/stm32l0xx_hal_pcd.o
                0x08005fd8                HAL_PCD_SetAddress
 .text.HAL_PCD_EP_Open
                0x0800602e       0xde ./Drivers/STM32L0xx_HAL_Driver/Src/stm32l0xx_hal_pcd.o
                0x0800602e                HAL_PCD_EP_Open
 .text.HAL_PCD_EP_Close
                0x0800610c       0xa2 ./Drivers/STM32L0xx_HAL_Driver/Src/stm32l0xx_hal_pcd.o
                0x0800610c                HAL_PCD_EP_Close
 .text.HAL_PCD_EP_Receive
                0x080061ae       0x6e ./Drivers/STM32L0xx_HAL_Driver/Src/stm32l0xx_hal_pcd.o
                0x080061ae                HAL_PCD_EP_Receive
 .text.HAL_PCD_EP_GetRxCount
                0x0800621c       0x32 ./Drivers/STM32L0xx_HAL_Driver/Src/stm32l0xx_hal_pcd.o
                0x0800621c                HAL_PCD_EP_GetRxCount
 .text.HAL_PCD_EP_Transmit
                0x0800624e       0x78 ./Drivers/STM32L0xx_HAL_Driver/Src/stm32l0xx_hal_pcd.o
                0x0800624e                HAL_PCD_EP_Transmit
 .text.HAL_PCD_EP_SetStall
                0x080062c6       0xb8 ./Drivers/STM32L0xx_HAL_Driver/Src/stm32l0xx_hal_pcd.o
                0x080062c6                HAL_PCD_EP_SetStall
 .text.HAL_PCD_EP_ClrStall
                0x0800637e       0xbc ./Drivers/STM32L0xx_HAL_Driver/Src/stm32l0xx_hal_pcd.o
                0x0800637e                HAL_PCD_EP_ClrStall
 *fill*         0x0800643a        0x2 
 .text.PCD_EP_ISR_Handler
                0x0800643c      0x80c ./Drivers/STM32L0xx_HAL_Driver/Src/stm32l0xx_hal_pcd.o
 .text.HAL_PCD_EP_DB_Receive
                0x08006c48      0x238 ./Drivers/STM32L0xx_HAL_Driver/Src/stm32l0xx_hal_pcd.o
 .text.HAL_PCD_EP_DB_Transmit
                0x08006e80      0x820 ./Drivers/STM32L0xx_HAL_Driver/Src/stm32l0xx_hal_pcd.o
 .text.HAL_PCDEx_PMAConfig
                0x080076a0       0x9c ./Drivers/STM32L0xx_HAL_Driver/Src/stm32l0xx_hal_pcd_ex.o
                0x080076a0                HAL_PCDEx_PMAConfig
 .text.HAL_PCDEx_ActivateLPM
                0x0800773c       0x54 ./Drivers/STM32L0xx_HAL_Driver/Src/stm32l0xx_hal_pcd_ex.o
                0x0800773c                HAL_PCDEx_ActivateLPM
 .text.HAL_PCDEx_LPM_Callback
                0x08007790       0x16 ./Drivers/STM32L0xx_HAL_Driver/Src/stm32l0xx_hal_pcd_ex.o
                0x08007790                HAL_PCDEx_LPM_Callback
 *fill*         0x080077a6        0x2 
 .text.HAL_RCC_OscConfig
                0x080077a8      0x7a8 ./Drivers/STM32L0xx_HAL_Driver/Src/stm32l0xx_hal_rcc.o
                0x080077a8                HAL_RCC_OscConfig
 .text.HAL_RCC_ClockConfig
                0x08007f50      0x290 ./Drivers/STM32L0xx_HAL_Driver/Src/stm32l0xx_hal_rcc.o
                0x08007f50                HAL_RCC_ClockConfig
 .text.HAL_RCC_GetSysClockFreq
                0x080081e0      0x14c ./Drivers/STM32L0xx_HAL_Driver/Src/stm32l0xx_hal_rcc.o
                0x080081e0                HAL_RCC_GetSysClockFreq
 .text.HAL_RCCEx_PeriphCLKConfig
                0x0800832c      0x2b8 ./Drivers/STM32L0xx_HAL_Driver/Src/stm32l0xx_hal_rcc_ex.o
                0x0800832c                HAL_RCCEx_PeriphCLKConfig
 .text.HAL_SPI_Init
                0x080085e4      0x128 ./Drivers/STM32L0xx_HAL_Driver/Src/stm32l0xx_hal_spi.o
                0x080085e4                HAL_SPI_Init
 .text.HAL_TIM_Base_Init
                0x0800870c       0x80 ./Drivers/STM32L0xx_HAL_Driver/Src/stm32l0xx_hal_tim.o
                0x0800870c                HAL_TIM_Base_Init
 .text.HAL_TIM_IRQHandler
                0x0800878c      0x1d0 ./Drivers/STM32L0xx_HAL_Driver/Src/stm32l0xx_hal_tim.o
                0x0800878c                HAL_TIM_IRQHandler
 .text.HAL_TIM_ConfigClockSource
                0x0800895c      0x1a8 ./Drivers/STM32L0xx_HAL_Driver/Src/stm32l0xx_hal_tim.o
                0x0800895c                HAL_TIM_ConfigClockSource
 .text.HAL_TIM_PeriodElapsedCallback
                0x08008b04       0x10 ./Drivers/STM32L0xx_HAL_Driver/Src/stm32l0xx_hal_tim.o
                0x08008b04                HAL_TIM_PeriodElapsedCallback
 .text.HAL_TIM_OC_DelayElapsedCallback
                0x08008b14       0x10 ./Drivers/STM32L0xx_HAL_Driver/Src/stm32l0xx_hal_tim.o
                0x08008b14                HAL_TIM_OC_DelayElapsedCallback
 .text.HAL_TIM_IC_CaptureCallback
                0x08008b24       0x10 ./Drivers/STM32L0xx_HAL_Driver/Src/stm32l0xx_hal_tim.o
                0x08008b24                HAL_TIM_IC_CaptureCallback
 .text.HAL_TIM_PWM_PulseFinishedCallback
                0x08008b34       0x10 ./Drivers/STM32L0xx_HAL_Driver/Src/stm32l0xx_hal_tim.o
                0x08008b34                HAL_TIM_PWM_PulseFinishedCallback
 .text.HAL_TIM_TriggerCallback
                0x08008b44       0x10 ./Drivers/STM32L0xx_HAL_Driver/Src/stm32l0xx_hal_tim.o
                0x08008b44                HAL_TIM_TriggerCallback
 .text.TIM_Base_SetConfig
                0x08008b54       0xbc ./Drivers/STM32L0xx_HAL_Driver/Src/stm32l0xx_hal_tim.o
 .text.TIM_TI1_ConfigInputStage
                0x08008c10       0x5c ./Drivers/STM32L0xx_HAL_Driver/Src/stm32l0xx_hal_tim.o
 .text.TIM_TI2_ConfigInputStage
                0x08008c6c       0x64 ./Drivers/STM32L0xx_HAL_Driver/Src/stm32l0xx_hal_tim.o
 .text.TIM_ITRx_SetConfig
                0x08008cd0       0x32 ./Drivers/STM32L0xx_HAL_Driver/Src/stm32l0xx_hal_tim.o
 *fill*         0x08008d02        0x2 
 .text.TIM_ETR_SetConfig
                0x08008d04       0x40 ./Drivers/STM32L0xx_HAL_Driver/Src/stm32l0xx_hal_tim.o
 .text.HAL_TIMEx_MasterConfigSynchronization
                0x08008d44       0xbc ./Drivers/STM32L0xx_HAL_Driver/Src/stm32l0xx_hal_tim_ex.o
                0x08008d44                HAL_TIMEx_MasterConfigSynchronization
 .text.USB_EnableGlobalInt
                0x08008e00       0x2c ./Drivers/STM32L0xx_HAL_Driver/Src/stm32l0xx_ll_usb.o
                0x08008e00                USB_EnableGlobalInt
 .text.USB_DisableGlobalInt
                0x08008e2c       0x34 ./Drivers/STM32L0xx_HAL_Driver/Src/stm32l0xx_ll_usb.o
                0x08008e2c                USB_DisableGlobalInt
 .text.USB_DevInit
                0x08008e60       0x4e ./Drivers/STM32L0xx_HAL_Driver/Src/stm32l0xx_ll_usb.o
                0x08008e60                USB_DevInit
 *fill*         0x08008eae        0x2 
 .text.USB_ActivateEndpoint
                0x08008eb0      0x744 ./Drivers/STM32L0xx_HAL_Driver/Src/stm32l0xx_ll_usb.o
                0x08008eb0                USB_ActivateEndpoint
 .text.USB_DeactivateEndpoint
                0x080095f4      0x380 ./Drivers/STM32L0xx_HAL_Driver/Src/stm32l0xx_ll_usb.o
                0x080095f4                USB_DeactivateEndpoint
 .text.USB_EPStartXfer
                0x08009974     0x1270 ./Drivers/STM32L0xx_HAL_Driver/Src/stm32l0xx_ll_usb.o
                0x08009974                USB_EPStartXfer
 .text.USB_EPSetStall
                0x0800abe4       0xa0 ./Drivers/STM32L0xx_HAL_Driver/Src/stm32l0xx_ll_usb.o
                0x0800abe4                USB_EPSetStall
 .text.USB_EPClearStall
                0x0800ac84      0x164 ./Drivers/STM32L0xx_HAL_Driver/Src/stm32l0xx_ll_usb.o
                0x0800ac84                USB_EPClearStall
 .text.USB_SetDevAddress
                0x0800ade8       0x28 ./Drivers/STM32L0xx_HAL_Driver/Src/stm32l0xx_ll_usb.o
                0x0800ade8                USB_SetDevAddress
 .text.USB_DevConnect
                0x0800ae10       0x2c ./Drivers/STM32L0xx_HAL_Driver/Src/stm32l0xx_ll_usb.o
                0x0800ae10                USB_DevConnect
 .text.USB_ReadInterrupts
                0x0800ae3c       0x1c ./Drivers/STM32L0xx_HAL_Driver/Src/stm32l0xx_ll_usb.o
                0x0800ae3c                USB_ReadInterrupts
 .text.USB_WritePMA
                0x0800ae58       0x92 ./Drivers/STM32L0xx_HAL_Driver/Src/stm32l0xx_ll_usb.o
                0x0800ae58                USB_WritePMA
 .text.USB_ReadPMA
                0x0800aeea       0x9e ./Drivers/STM32L0xx_HAL_Driver/Src/stm32l0xx_ll_usb.o
                0x0800aeea                USB_ReadPMA
 .text.USBD_CDC_Init
                0x0800af88      0x118 ./Middlewares/ST/STM32_USB_Device_Library/Class/CDC/Src/usbd_cdc.o
 .text.USBD_CDC_DeInit
                0x0800b0a0       0x88 ./Middlewares/ST/STM32_USB_Device_Library/Class/CDC/Src/usbd_cdc.o
 .text.USBD_CDC_Setup
                0x0800b128      0x190 ./Middlewares/ST/STM32_USB_Device_Library/Class/CDC/Src/usbd_cdc.o
 .text.USBD_CDC_DataIn
                0x0800b2b8       0xb6 ./Middlewares/ST/STM32_USB_Device_Library/Class/CDC/Src/usbd_cdc.o
 .text.USBD_CDC_DataOut
                0x0800b36e       0x6a ./Middlewares/ST/STM32_USB_Device_Library/Class/CDC/Src/usbd_cdc.o
 .text.USBD_CDC_EP0_RxReady
                0x0800b3d8       0x60 ./Middlewares/ST/STM32_USB_Device_Library/Class/CDC/Src/usbd_cdc.o
 .text.USBD_CDC_GetFSCfgDesc
                0x0800b438       0x1c ./Middlewares/ST/STM32_USB_Device_Library/Class/CDC/Src/usbd_cdc.o
 .text.USBD_CDC_GetHSCfgDesc
                0x0800b454       0x1c ./Middlewares/ST/STM32_USB_Device_Library/Class/CDC/Src/usbd_cdc.o
 .text.USBD_CDC_GetOtherSpeedCfgDesc
                0x0800b470       0x1c ./Middlewares/ST/STM32_USB_Device_Library/Class/CDC/Src/usbd_cdc.o
 .text.USBD_CDC_GetDeviceQualifierDescriptor
                0x0800b48c       0x1c ./Middlewares/ST/STM32_USB_Device_Library/Class/CDC/Src/usbd_cdc.o
                0x0800b48c                USBD_CDC_GetDeviceQualifierDescriptor
 .text.USBD_CDC_RegisterInterface
                0x0800b4a8       0x36 ./Middlewares/ST/STM32_USB_Device_Library/Class/CDC/Src/usbd_cdc.o
                0x0800b4a8                USBD_CDC_RegisterInterface
 .text.USBD_CDC_SetTxBuffer
                0x0800b4de       0x38 ./Middlewares/ST/STM32_USB_Device_Library/Class/CDC/Src/usbd_cdc.o
                0x0800b4de                USBD_CDC_SetTxBuffer
 .text.USBD_CDC_SetRxBuffer
                0x0800b516       0x28 ./Middlewares/ST/STM32_USB_Device_Library/Class/CDC/Src/usbd_cdc.o
                0x0800b516                USBD_CDC_SetRxBuffer
 .text.USBD_CDC_TransmitPacket
                0x0800b53e       0x6e ./Middlewares/ST/STM32_USB_Device_Library/Class/CDC/Src/usbd_cdc.o
                0x0800b53e                USBD_CDC_TransmitPacket
 .text.USBD_CDC_ReceivePacket
                0x0800b5ac       0x5c ./Middlewares/ST/STM32_USB_Device_Library/Class/CDC/Src/usbd_cdc.o
                0x0800b5ac                USBD_CDC_ReceivePacket
 .text.USBD_Init
                0x0800b608       0x62 ./Middlewares/ST/STM32_USB_Device_Library/Core/Src/usbd_core.o
                0x0800b608                USBD_Init
 .text.USBD_RegisterClass
                0x0800b66a       0x40 ./Middlewares/ST/STM32_USB_Device_Library/Core/Src/usbd_core.o
                0x0800b66a                USBD_RegisterClass
 .text.USBD_Start
                0x0800b6aa       0x1a ./Middlewares/ST/STM32_USB_Device_Library/Core/Src/usbd_core.o
                0x0800b6aa                USBD_Start
 .text.USBD_RunTestMode
                0x0800b6c4       0x12 ./Middlewares/ST/STM32_USB_Device_Library/Core/Src/usbd_core.o
                0x0800b6c4                USBD_RunTestMode
 .text.USBD_SetClassConfig
                0x0800b6d6       0x4e ./Middlewares/ST/STM32_USB_Device_Library/Core/Src/usbd_core.o
                0x0800b6d6                USBD_SetClassConfig
 .text.USBD_ClrClassConfig
                0x0800b724       0x2c ./Middlewares/ST/STM32_USB_Device_Library/Core/Src/usbd_core.o
                0x0800b724                USBD_ClrClassConfig
 .text.USBD_LL_SetupStage
                0x0800b750       0xbc ./Middlewares/ST/STM32_USB_Device_Library/Core/Src/usbd_core.o
                0x0800b750                USBD_LL_SetupStage
 .text.USBD_LL_DataOutStage
                0x0800b80c      0x104 ./Middlewares/ST/STM32_USB_Device_Library/Core/Src/usbd_core.o
                0x0800b80c                USBD_LL_DataOutStage
 .text.USBD_LL_DataInStage
                0x0800b910      0x17a ./Middlewares/ST/STM32_USB_Device_Library/Core/Src/usbd_core.o
                0x0800b910                USBD_LL_DataInStage
 .text.USBD_LL_Reset
                0x0800ba8a       0x90 ./Middlewares/ST/STM32_USB_Device_Library/Core/Src/usbd_core.o
                0x0800ba8a                USBD_LL_Reset
 .text.USBD_LL_SetSpeed
                0x0800bb1a       0x20 ./Middlewares/ST/STM32_USB_Device_Library/Core/Src/usbd_core.o
                0x0800bb1a                USBD_LL_SetSpeed
 *fill*         0x0800bb3a        0x2 
 .text.USBD_LL_Suspend
                0x0800bb3c       0x30 ./Middlewares/ST/STM32_USB_Device_Library/Core/Src/usbd_core.o
                0x0800bb3c                USBD_LL_Suspend
 .text.USBD_LL_Resume
                0x0800bb6c       0x30 ./Middlewares/ST/STM32_USB_Device_Library/Core/Src/usbd_core.o
                0x0800bb6c                USBD_LL_Resume
 .text.USBD_LL_SOF
                0x0800bb9c       0x3c ./Middlewares/ST/STM32_USB_Device_Library/Core/Src/usbd_core.o
                0x0800bb9c                USBD_LL_SOF
 .text.USBD_StdDevReq
                0x0800bbd8       0xe4 ./Middlewares/ST/STM32_USB_Device_Library/Core/Src/usbd_ctlreq.o
                0x0800bbd8                USBD_StdDevReq
 .text.USBD_StdItfReq
                0x0800bcbc       0xae ./Middlewares/ST/STM32_USB_Device_Library/Core/Src/usbd_ctlreq.o
                0x0800bcbc                USBD_StdItfReq
 .text.USBD_StdEPReq
                0x0800bd6a      0x36c ./Middlewares/ST/STM32_USB_Device_Library/Core/Src/usbd_ctlreq.o
                0x0800bd6a                USBD_StdEPReq
 *fill*         0x0800c0d6        0x2 
 .text.USBD_GetDescriptor
                0x0800c0d8      0x364 ./Middlewares/ST/STM32_USB_Device_Library/Core/Src/usbd_ctlreq.o
 .text.USBD_SetAddress
                0x0800c43c       0xa8 ./Middlewares/ST/STM32_USB_Device_Library/Core/Src/usbd_ctlreq.o
 .text.USBD_SetConfig
                0x0800c4e4      0x148 ./Middlewares/ST/STM32_USB_Device_Library/Core/Src/usbd_ctlreq.o
 .text.USBD_GetConfig
                0x0800c62c       0x76 ./Middlewares/ST/STM32_USB_Device_Library/Core/Src/usbd_ctlreq.o
 .text.USBD_GetStatus
                0x0800c6a2       0x74 ./Middlewares/ST/STM32_USB_Device_Library/Core/Src/usbd_ctlreq.o
 .text.USBD_SetFeature
                0x0800c716       0x2c ./Middlewares/ST/STM32_USB_Device_Library/Core/Src/usbd_ctlreq.o
 .text.USBD_ClrFeature
                0x0800c742       0x4c ./Middlewares/ST/STM32_USB_Device_Library/Core/Src/usbd_ctlreq.o
 .text.USBD_ParseSetupRequest
                0x0800c78e       0x70 ./Middlewares/ST/STM32_USB_Device_Library/Core/Src/usbd_ctlreq.o
                0x0800c78e                USBD_ParseSetupRequest
 .text.USBD_CtlError
                0x0800c7fe       0x26 ./Middlewares/ST/STM32_USB_Device_Library/Core/Src/usbd_ctlreq.o
                0x0800c7fe                USBD_CtlError
 .text.USBD_GetString
                0x0800c824       0x9c ./Middlewares/ST/STM32_USB_Device_Library/Core/Src/usbd_ctlreq.o
                0x0800c824                USBD_GetString
 .text.USBD_GetLen
                0x0800c8c0       0x3a ./Middlewares/ST/STM32_USB_Device_Library/Core/Src/usbd_ctlreq.o
 .text.USBD_CtlSendData
                0x0800c8fa       0x40 ./Middlewares/ST/STM32_USB_Device_Library/Core/Src/usbd_ioreq.o
                0x0800c8fa                USBD_CtlSendData
 .text.USBD_CtlContinueSendData
                0x0800c93a       0x26 ./Middlewares/ST/STM32_USB_Device_Library/Core/Src/usbd_ioreq.o
                0x0800c93a                USBD_CtlContinueSendData
 .text.USBD_CtlPrepareRx
                0x0800c960       0x48 ./Middlewares/ST/STM32_USB_Device_Library/Core/Src/usbd_ioreq.o
                0x0800c960                USBD_CtlPrepareRx
 .text.USBD_CtlContinueRx
                0x0800c9a8       0x26 ./Middlewares/ST/STM32_USB_Device_Library/Core/Src/usbd_ioreq.o
                0x0800c9a8                USBD_CtlContinueRx
 .text.USBD_CtlSendStatus
                0x0800c9ce       0x28 ./Middlewares/ST/STM32_USB_Device_Library/Core/Src/usbd_ioreq.o
                0x0800c9ce                USBD_CtlSendStatus
 .text.USBD_CtlReceiveStatus
                0x0800c9f6       0x28 ./Middlewares/ST/STM32_USB_Device_Library/Core/Src/usbd_ioreq.o
                0x0800c9f6                USBD_CtlReceiveStatus
 *fill*         0x0800ca1e        0x2 
 .text.MX_USB_DEVICE_Init
                0x0800ca20       0x68 ./USB_DEVICE/App/usb_device.o
                0x0800ca20                MX_USB_DEVICE_Init
 .text.RegisterCallback
                0x0800ca88       0x1c ./USB_DEVICE/App/usbd_cdc_if.o
                0x0800ca88                RegisterCallback
 .text.CDC_Init_FS
                0x0800caa4       0x30 ./USB_DEVICE/App/usbd_cdc_if.o
 .text.CDC_DeInit_FS
                0x0800cad4        0xc ./USB_DEVICE/App/usbd_cdc_if.o
 .text.CDC_Control_FS
                0x0800cae0       0x38 ./USB_DEVICE/App/usbd_cdc_if.o
 .text.CDC_Receive_FS
                0x0800cb18       0x44 ./USB_DEVICE/App/usbd_cdc_if.o
 .text.CDC_Transmit_FS
                0x0800cb5c       0x60 ./USB_DEVICE/App/usbd_cdc_if.o
                0x0800cb5c                CDC_Transmit_FS
 .text.USBD_FS_DeviceDescriptor
                0x0800cbbc       0x24 ./USB_DEVICE/App/usbd_desc.o
                0x0800cbbc                USBD_FS_DeviceDescriptor
 .text.USBD_FS_LangIDStrDescriptor
                0x0800cbe0       0x24 ./USB_DEVICE/App/usbd_desc.o
                0x0800cbe0                USBD_FS_LangIDStrDescriptor
 .text.USBD_FS_ProductStrDescriptor
                0x0800cc04       0x44 ./USB_DEVICE/App/usbd_desc.o
                0x0800cc04                USBD_FS_ProductStrDescriptor
 .text.USBD_FS_ManufacturerStrDescriptor
                0x0800cc48       0x2c ./USB_DEVICE/App/usbd_desc.o
                0x0800cc48                USBD_FS_ManufacturerStrDescriptor
 .text.USBD_FS_SerialStrDescriptor
                0x0800cc74       0x28 ./USB_DEVICE/App/usbd_desc.o
                0x0800cc74                USBD_FS_SerialStrDescriptor
 .text.USBD_FS_ConfigStrDescriptor
                0x0800cc9c       0x44 ./USB_DEVICE/App/usbd_desc.o
                0x0800cc9c                USBD_FS_ConfigStrDescriptor
 .text.USBD_FS_InterfaceStrDescriptor
                0x0800cce0       0x44 ./USB_DEVICE/App/usbd_desc.o
                0x0800cce0                USBD_FS_InterfaceStrDescriptor
 .text.Get_SerialNum
                0x0800cd24       0x5c ./USB_DEVICE/App/usbd_desc.o
 .text.IntToUnicode
                0x0800cd80       0x96 ./USB_DEVICE/App/usbd_desc.o
 *fill*         0x0800ce16        0x2 
 .text.HAL_PCD_MspInit
                0x0800ce18       0x40 ./USB_DEVICE/Target/usbd_conf.o
                0x0800ce18                HAL_PCD_MspInit
 .text.HAL_PCD_SetupStageCallback
                0x0800ce58       0x2a ./USB_DEVICE/Target/usbd_conf.o
                0x0800ce58                HAL_PCD_SetupStageCallback
 .text.HAL_PCD_DataOutStageCallback
                0x0800ce82       0x42 ./USB_DEVICE/Target/usbd_conf.o
                0x0800ce82                HAL_PCD_DataOutStageCallback
 .text.HAL_PCD_DataInStageCallback
                0x0800cec4       0x3c ./USB_DEVICE/Target/usbd_conf.o
                0x0800cec4                HAL_PCD_DataInStageCallback
 .text.HAL_PCD_SOFCallback
                0x0800cf00       0x1e ./USB_DEVICE/Target/usbd_conf.o
                0x0800cf00                HAL_PCD_SOFCallback
 .text.HAL_PCD_ResetCallback
                0x0800cf1e       0x48 ./USB_DEVICE/Target/usbd_conf.o
                0x0800cf1e                HAL_PCD_ResetCallback
 *fill*         0x0800cf66        0x2 
 .text.HAL_PCD_SuspendCallback
                0x0800cf68       0x38 ./USB_DEVICE/Target/usbd_conf.o
                0x0800cf68                HAL_PCD_SuspendCallback
 .text.HAL_PCD_ResumeCallback
                0x0800cfa0       0x3c ./USB_DEVICE/Target/usbd_conf.o
                0x0800cfa0                HAL_PCD_ResumeCallback
 .text.USBD_LL_Init
                0x0800cfdc       0xc8 ./USB_DEVICE/Target/usbd_conf.o
                0x0800cfdc                USBD_LL_Init
 .text.USBD_LL_Start
                0x0800d0a4       0x4a ./USB_DEVICE/Target/usbd_conf.o
                0x0800d0a4                USBD_LL_Start
 .text.USBD_LL_OpenEP
                0x0800d0ee       0x6e ./USB_DEVICE/Target/usbd_conf.o
                0x0800d0ee                USBD_LL_OpenEP
 .text.USBD_LL_CloseEP
                0x0800d15c       0x56 ./USB_DEVICE/Target/usbd_conf.o
                0x0800d15c                USBD_LL_CloseEP
 .text.USBD_LL_StallEP
                0x0800d1b2       0x56 ./USB_DEVICE/Target/usbd_conf.o
                0x0800d1b2                USBD_LL_StallEP
 .text.USBD_LL_ClearStallEP
                0x0800d208       0x56 ./USB_DEVICE/Target/usbd_conf.o
                0x0800d208                USBD_LL_ClearStallEP
 .text.USBD_LL_IsStallEP
                0x0800d25e       0x62 ./USB_DEVICE/Target/usbd_conf.o
                0x0800d25e                USBD_LL_IsStallEP
 .text.USBD_LL_SetUSBAddress
                0x0800d2c0       0x56 ./USB_DEVICE/Target/usbd_conf.o
                0x0800d2c0                USBD_LL_SetUSBAddress
 .text.USBD_LL_Transmit
                0x0800d316       0x6e ./USB_DEVICE/Target/usbd_conf.o
                0x0800d316                USBD_LL_Transmit
 .text.USBD_LL_PrepareReceive
                0x0800d384       0x6e ./USB_DEVICE/Target/usbd_conf.o
                0x0800d384                USBD_LL_PrepareReceive
 .text.USBD_LL_GetRxDataSize
                0x0800d3f2       0x2c ./USB_DEVICE/Target/usbd_conf.o
                0x0800d3f2                USBD_LL_GetRxDataSize
 *fill*         0x0800d41e        0x2 
 .text.USBD_static_malloc
                0x0800d420       0x18 ./USB_DEVICE/Target/usbd_conf.o
                0x0800d420                USBD_static_malloc
 .text.USBD_static_free
                0x0800d438       0x10 ./USB_DEVICE/Target/usbd_conf.o
                0x0800d438                USBD_static_free
 .text.SystemClockConfig_Resume
                0x0800d448        0xe ./USB_DEVICE/Target/usbd_conf.o
 .text.USBD_Get_USB_Status
                0x0800d456       0x6e ./USB_DEVICE/Target/usbd_conf.o
 .text._strtol_l.constprop.0
                0x0800d4c4      0x114 C:/ST/STM32CubeIDE_1.15.1/STM32CubeIDE/plugins/com.st.stm32cube.ide.mcu.externaltools.gnu-tools-for-stm32.12.3.rel1.win32_1.1.0.202410251130/tools/bin/../lib/gcc/arm-none-eabi/12.3.1/../../../../arm-none-eabi/lib/thumb/v6-m/nofp\libc_nano.a(libc_a-strtol.o)
 .text.strtol   0x0800d5d8       0x18 C:/ST/STM32CubeIDE_1.15.1/STM32CubeIDE/plugins/com.st.stm32cube.ide.mcu.externaltools.gnu-tools-for-stm32.12.3.rel1.win32_1.1.0.202410251130/tools/bin/../lib/gcc/arm-none-eabi/12.3.1/../../../../arm-none-eabi/lib/thumb/v6-m/nofp\libc_nano.a(libc_a-strtol.o)
                0x0800d5d8                strtol
 .text._strtoul_l.constprop.0
                0x0800d5f0      0x104 C:/ST/STM32CubeIDE_1.15.1/STM32CubeIDE/plugins/com.st.stm32cube.ide.mcu.externaltools.gnu-tools-for-stm32.12.3.rel1.win32_1.1.0.202410251130/tools/bin/../lib/gcc/arm-none-eabi/12.3.1/../../../../arm-none-eabi/lib/thumb/v6-m/nofp\libc_nano.a(libc_a-strtoul.o)
 .text.strtoul  0x0800d6f4       0x18 C:/ST/STM32CubeIDE_1.15.1/STM32CubeIDE/plugins/com.st.stm32cube.ide.mcu.externaltools.gnu-tools-for-stm32.12.3.rel1.win32_1.1.0.202410251130/tools/bin/../lib/gcc/arm-none-eabi/12.3.1/../../../../arm-none-eabi/lib/thumb/v6-m/nofp\libc_nano.a(libc_a-strtoul.o)
                0x0800d6f4                strtoul
 .text.snprintf
                0x0800d70c       0x68 C:/ST/STM32CubeIDE_1.15.1/STM32CubeIDE/plugins/com.st.stm32cube.ide.mcu.externaltools.gnu-tools-for-stm32.12.3.rel1.win32_1.1.0.202410251130/tools/bin/../lib/gcc/arm-none-eabi/12.3.1/../../../../arm-none-eabi/lib/thumb/v6-m/nofp\libc_nano.a(libc_a-snprintf.o)
                0x0800d70c                sniprintf
                0x0800d70c                snprintf
 .text.sprintf  0x0800d774       0x40 C:/ST/STM32CubeIDE_1.15.1/STM32CubeIDE/plugins/com.st.stm32cube.ide.mcu.externaltools.gnu-tools-for-stm32.12.3.rel1.win32_1.1.0.202410251130/tools/bin/../lib/gcc/arm-none-eabi/12.3.1/../../../../arm-none-eabi/lib/thumb/v6-m/nofp\libc_nano.a(libc_a-sprintf.o)
                0x0800d774                siprintf
                0x0800d774                sprintf
 .text.memmove  0x0800d7b4       0x26 C:/ST/STM32CubeIDE_1.15.1/STM32CubeIDE/plugins/com.st.stm32cube.ide.mcu.externaltools.gnu-tools-for-stm32.12.3.rel1.win32_1.1.0.202410251130/tools/bin/../lib/gcc/arm-none-eabi/12.3.1/../../../../arm-none-eabi/lib/thumb/v6-m/nofp\libc_nano.a(libc_a-memmove.o)
                0x0800d7b4                memmove
 .text.memset   0x0800d7da       0x10 C:/ST/STM32CubeIDE_1.15.1/STM32CubeIDE/plugins/com.st.stm32cube.ide.mcu.externaltools.gnu-tools-for-stm32.12.3.rel1.win32_1.1.0.202410251130/tools/bin/../lib/gcc/arm-none-eabi/12.3.1/../../../../arm-none-eabi/lib/thumb/v6-m/nofp\libc_nano.a(libc_a-memset.o)
                0x0800d7da                memset
 *fill*         0x0800d7ea        0x2 
 .text.strncasecmp
                0x0800d7ec       0x48 C:/ST/STM32CubeIDE_1.15.1/STM32CubeIDE/plugins/com.st.stm32cube.ide.mcu.externaltools.gnu-tools-for-stm32.12.3.rel1.win32_1.1.0.202410251130/tools/bin/../lib/gcc/arm-none-eabi/12.3.1/../../../../arm-none-eabi/lib/thumb/v6-m/nofp\libc_nano.a(libc_a-strncasecmp.o)
                0x0800d7ec                strncasecmp
 .text.strnlen  0x0800d834       0x16 C:/ST/STM32CubeIDE_1.15.1/STM32CubeIDE/plugins/com.st.stm32cube.ide.mcu.externaltools.gnu-tools-for-stm32.12.3.rel1.win32_1.1.0.202410251130/tools/bin/../lib/gcc/arm-none-eabi/12.3.1/../../../../arm-none-eabi/lib/thumb/v6-m/nofp\libc_nano.a(libc_a-strnlen.o)
                0x0800d834                strnlen
 *fill*         0x0800d84a        0x2 
 .text.__errno  0x0800d84c        0xc C:/ST/STM32CubeIDE_1.15.1/STM32CubeIDE/plugins/com.st.stm32cube.ide.mcu.externaltools.gnu-tools-for-stm32.12.3.rel1.win32_1.1.0.202410251130/tools/bin/../lib/gcc/arm-none-eabi/12.3.1/../../../../arm-none-eabi/lib/thumb/v6-m/nofp\libc_nano.a(libc_a-errno.o)
                0x0800d84c                __errno
 .text.__libc_init_array
                0x0800d858       0x48 C:/ST/STM32CubeIDE_1.15.1/STM32CubeIDE/plugins/com.st.stm32cube.ide.mcu.externaltools.gnu-tools-for-stm32.12.3.rel1.win32_1.1.0.202410251130/tools/bin/../lib/gcc/arm-none-eabi/12.3.1/../../../../arm-none-eabi/lib/thumb/v6-m/nofp\libc_nano.a(libc_a-init.o)
                0x0800d858                __libc_init_array
 .text.__retarget_lock_acquire_recursive
                0x0800d8a0        0x2 C:/ST/STM32CubeIDE_1.15.1/STM32CubeIDE/plugins/com.st.stm32cube.ide.mcu.externaltools.gnu-tools-for-stm32.12.3.rel1.win32_1.1.0.202410251130/tools/bin/../lib/gcc/arm-none-eabi/12.3.1/../../../../arm-none-eabi/lib/thumb/v6-m/nofp\libc_nano.a(libc_a-lock.o)
                0x0800d8a0                __retarget_lock_acquire_recursive
 .text.__retarget_lock_release_recursive
                0x0800d8a2        0x2 C:/ST/STM32CubeIDE_1.15.1/STM32CubeIDE/plugins/com.st.stm32cube.ide.mcu.externaltools.gnu-tools-for-stm32.12.3.rel1.win32_1.1.0.202410251130/tools/bin/../lib/gcc/arm-none-eabi/12.3.1/../../../../arm-none-eabi/lib/thumb/v6-m/nofp\libc_nano.a(libc_a-lock.o)
                0x0800d8a2                __retarget_lock_release_recursive
 .text.memchr   0x0800d8a4       0x16 C:/ST/STM32CubeIDE_1.15.1/STM32CubeIDE/plugins/com.st.stm32cube.ide.mcu.externaltools.gnu-tools-for-stm32.12.3.rel1.win32_1.1.0.202410251130/tools/bin/../lib/gcc/arm-none-eabi/12.3.1/../../../../arm-none-eabi/lib/thumb/v6-m/nofp\libc_nano.a(libc_a-memchr-stub.o)
                0x0800d8a4                memchr
 .text.memcpy   0x0800d8ba       0x12 C:/ST/STM32CubeIDE_1.15.1/STM32CubeIDE/plugins/com.st.stm32cube.ide.mcu.externaltools.gnu-tools-for-stm32.12.3.rel1.win32_1.1.0.202410251130/tools/bin/../lib/gcc/arm-none-eabi/12.3.1/../../../../arm-none-eabi/lib/thumb/v6-m/nofp\libc_nano.a(libc_a-memcpy-stub.o)
                0x0800d8ba                memcpy
 .text._free_r  0x0800d8cc       0x94 C:/ST/STM32CubeIDE_1.15.1/STM32CubeIDE/plugins/com.st.stm32cube.ide.mcu.externaltools.gnu-tools-for-stm32.12.3.rel1.win32_1.1.0.202410251130/tools/bin/../lib/gcc/arm-none-eabi/12.3.1/../../../../arm-none-eabi/lib/thumb/v6-m/nofp\libc_nano.a(libc_a-freer.o)
                0x0800d8cc                _free_r
 .text.sbrk_aligned
                0x0800d960       0x44 C:/ST/STM32CubeIDE_1.15.1/STM32CubeIDE/plugins/com.st.stm32cube.ide.mcu.externaltools.gnu-tools-for-stm32.12.3.rel1.win32_1.1.0.202410251130/tools/bin/../lib/gcc/arm-none-eabi/12.3.1/../../../../arm-none-eabi/lib/thumb/v6-m/nofp\libc_nano.a(libc_a-mallocr.o)
 .text._malloc_r
                0x0800d9a4      0x100 C:/ST/STM32CubeIDE_1.15.1/STM32CubeIDE/plugins/com.st.stm32cube.ide.mcu.externaltools.gnu-tools-for-stm32.12.3.rel1.win32_1.1.0.202410251130/tools/bin/../lib/gcc/arm-none-eabi/12.3.1/../../../../arm-none-eabi/lib/thumb/v6-m/nofp\libc_nano.a(libc_a-mallocr.o)
                0x0800d9a4                _malloc_r
 .text.__malloc_lock
                0x0800daa4       0x10 C:/ST/STM32CubeIDE_1.15.1/STM32CubeIDE/plugins/com.st.stm32cube.ide.mcu.externaltools.gnu-tools-for-stm32.12.3.rel1.win32_1.1.0.202410251130/tools/bin/../lib/gcc/arm-none-eabi/12.3.1/../../../../arm-none-eabi/lib/thumb/v6-m/nofp\libc_nano.a(libc_a-mlock.o)
                0x0800daa4                __malloc_lock
 .text.__malloc_unlock
                0x0800dab4       0x10 C:/ST/STM32CubeIDE_1.15.1/STM32CubeIDE/plugins/com.st.stm32cube.ide.mcu.externaltools.gnu-tools-for-stm32.12.3.rel1.win32_1.1.0.202410251130/tools/bin/../lib/gcc/arm-none-eabi/12.3.1/../../../../arm-none-eabi/lib/thumb/v6-m/nofp\libc_nano.a(libc_a-mlock.o)
                0x0800dab4                __malloc_unlock
 .text.__ssputs_r
                0x0800dac4       0xc0 C:/ST/STM32CubeIDE_1.15.1/STM32CubeIDE/plugins/com.st.stm32cube.ide.mcu.externaltools.gnu-tools-for-stm32.12.3.rel1.win32_1.1.0.202410251130/tools/bin/../lib/gcc/arm-none-eabi/12.3.1/../../../../arm-none-eabi/lib/thumb/v6-m/nofp\libc_nano.a(libc_a-nano-svfprintf.o)
                0x0800dac4                __ssputs_r
 .text._svfprintf_r
                0x0800db84      0x1fc C:/ST/STM32CubeIDE_1.15.1/STM32CubeIDE/plugins/com.st.stm32cube.ide.mcu.externaltools.gnu-tools-for-stm32.12.3.rel1.win32_1.1.0.202410251130/tools/bin/../lib/gcc/arm-none-eabi/12.3.1/../../../../arm-none-eabi/lib/thumb/v6-m/nofp\libc_nano.a(libc_a-nano-svfprintf.o)
                0x0800db84                _svfiprintf_r
                0x0800db84                _svfprintf_r
 .text._printf_common
                0x0800dd80       0xde C:/ST/STM32CubeIDE_1.15.1/STM32CubeIDE/plugins/com.st.stm32cube.ide.mcu.externaltools.gnu-tools-for-stm32.12.3.rel1.win32_1.1.0.202410251130/tools/bin/../lib/gcc/arm-none-eabi/12.3.1/../../../../arm-none-eabi/lib/thumb/v6-m/nofp\libc_nano.a(libc_a-nano-vfprintf_i.o)
                0x0800dd80                _printf_common
 *fill*         0x0800de5e        0x2 
 .text._printf_i
                0x0800de60      0x21c C:/ST/STM32CubeIDE_1.15.1/STM32CubeIDE/plugins/com.st.stm32cube.ide.mcu.externaltools.gnu-tools-for-stm32.12.3.rel1.win32_1.1.0.202410251130/tools/bin/../lib/gcc/arm-none-eabi/12.3.1/../../../../arm-none-eabi/lib/thumb/v6-m/nofp\libc_nano.a(libc_a-nano-vfprintf_i.o)
                0x0800de60                _printf_i
 .text._sbrk_r  0x0800e07c       0x24 C:/ST/STM32CubeIDE_1.15.1/STM32CubeIDE/plugins/com.st.stm32cube.ide.mcu.externaltools.gnu-tools-for-stm32.12.3.rel1.win32_1.1.0.202410251130/tools/bin/../lib/gcc/arm-none-eabi/12.3.1/../../../../arm-none-eabi/lib/thumb/v6-m/nofp\libc_nano.a(libc_a-sbrkr.o)
                0x0800e07c                _sbrk_r
 .text._realloc_r
                0x0800e0a0       0x5e C:/ST/STM32CubeIDE_1.15.1/STM32CubeIDE/plugins/com.st.stm32cube.ide.mcu.externaltools.gnu-tools-for-stm32.12.3.rel1.win32_1.1.0.202410251130/tools/bin/../lib/gcc/arm-none-eabi/12.3.1/../../../../arm-none-eabi/lib/thumb/v6-m/nofp\libc_nano.a(libc_a-reallocr.o)
                0x0800e0a0                _realloc_r
 .text._malloc_usable_size_r
                0x0800e0fe       0x10 C:/ST/STM32CubeIDE_1.15.1/STM32CubeIDE/plugins/com.st.stm32cube.ide.mcu.externaltools.gnu-tools-for-stm32.12.3.rel1.win32_1.1.0.202410251130/tools/bin/../lib/gcc/arm-none-eabi/12.3.1/../../../../arm-none-eabi/lib/thumb/v6-m/nofp\libc_nano.a(libc_a-msizer.o)
                0x0800e0fe                _malloc_usable_size_r
 *(.glue_7)
 .glue_7        0x0800e10e        0x0 linker stubs
 *(.glue_7t)
 .glue_7t       0x0800e10e        0x0 linker stubs
 *(.eh_frame)
 *fill*         0x0800e10e        0x2 
 .eh_frame      0x0800e110        0x0 C:/ST/STM32CubeIDE_1.15.1/STM32CubeIDE/plugins/com.st.stm32cube.ide.mcu.externaltools.gnu-tools-for-stm32.12.3.rel1.win32_1.1.0.202410251130/tools/bin/../lib/gcc/arm-none-eabi/12.3.1/thumb/v6-m/nofp/crtbegin.o
 *(.init)
 .init          0x0800e110        0x4 C:/ST/STM32CubeIDE_1.15.1/STM32CubeIDE/plugins/com.st.stm32cube.ide.mcu.externaltools.gnu-tools-for-stm32.12.3.rel1.win32_1.1.0.202410251130/tools/bin/../lib/gcc/arm-none-eabi/12.3.1/thumb/v6-m/nofp/crti.o
                0x0800e110                _init
 .init          0x0800e114        0x8 C:/ST/STM32CubeIDE_1.15.1/STM32CubeIDE/plugins/com.st.stm32cube.ide.mcu.externaltools.gnu-tools-for-stm32.12.3.rel1.win32_1.1.0.202410251130/tools/bin/../lib/gcc/arm-none-eabi/12.3.1/thumb/v6-m/nofp/crtn.o
 *(.fini)
 .fini          0x0800e11c        0x4 C:/ST/STM32CubeIDE_1.15.1/STM32CubeIDE/plugins/com.st.stm32cube.ide.mcu.externaltools.gnu-tools-for-stm32.12.3.rel1.win32_1.1.0.202410251130/tools/bin/../lib/gcc/arm-none-eabi/12.3.1/thumb/v6-m/nofp/crti.o
                0x0800e11c                _fini
 .fini          0x0800e120        0x8 C:/ST/STM32CubeIDE_1.15.1/STM32CubeIDE/plugins/com.st.stm32cube.ide.mcu.externaltools.gnu-tools-for-stm32.12.3.rel1.win32_1.1.0.202410251130/tools/bin/../lib/gcc/arm-none-eabi/12.3.1/thumb/v6-m/nofp/crtn.o
                0x0800e128                        . = ALIGN (0x4)
                0x0800e128                        _etext = .

.vfp11_veneer   0x0800e128        0x0
 .vfp11_veneer  0x0800e128        0x0 linker stubs

.v4_bx          0x0800e128        0x0
 .v4_bx         0x0800e128        0x0 linker stubs

.iplt           0x0800e128        0x0
 .iplt          0x0800e128        0x0 C:/ST/STM32CubeIDE_1.15.1/STM32CubeIDE/plugins/com.st.stm32cube.ide.mcu.externaltools.gnu-tools-for-stm32.12.3.rel1.win32_1.1.0.202410251130/tools/bin/../lib/gcc/arm-none-eabi/12.3.1/thumb/v6-m/nofp/crtbegin.o

.rodata         0x0800e128      0xd24
                0x0800e128                        . = ALIGN (0x4)
 *(.rodata)
 .rodata        0x0800e128       0x24 ./Core/Src/main.o
 .rodata        0x0800e14c       0x4e ./Core/Src/scpi-com.o
 *fill*         0x0800e19a        0x2 
 .rodata        0x0800e19c      0x2c5 ./Core/Src/scpi-def.o
 *fill*         0x0800e461        0x3 
 .rodata        0x0800e464      0x13e ./Core/libscpi/src/error.o
 *fill*         0x0800e5a2        0x2 
 .rodata        0x0800e5a4        0x2 ./Core/libscpi/src/ieee488.o
 *fill*         0x0800e5a6        0x2 
 .rodata        0x0800e5a8        0x7 ./Core/libscpi/src/minimal.o
 *fill*         0x0800e5af        0x1 
 .rodata        0x0800e5b0       0x23 ./Core/libscpi/src/parser.o
 *fill*         0x0800e5d3        0x1 
 .rodata        0x0800e5d4       0xba ./Core/libscpi/src/units.o
 *fill*         0x0800e68e        0x2 
 .rodata        0x0800e690       0x3c ./Core/libscpi/src/utils.o
 .rodata        0x0800e6cc       0x46 ./USB_DEVICE/App/usbd_desc.o
 *(.rodata*)
 *fill*         0x0800e712        0x2 
 .rodata.InstID
                0x0800e714       0x19 ./Core/Src/main.o
                0x0800e714                InstID
 *fill*         0x0800e72d        0x3 
 .rodata.scpi_commands
                0x0800e730      0x198 ./Core/Src/scpi-def.o
                0x0800e730                scpi_commands
 .rodata.AHBPrescTable
                0x0800e8c8       0x10 ./Core/Src/system_stm32l0xx.o
                0x0800e8c8                AHBPrescTable
 .rodata.PLLMulTable
                0x0800e8d8        0x9 ./Core/Src/system_stm32l0xx.o
                0x0800e8d8                PLLMulTable
 *fill*         0x0800e8e1        0x3 
 .rodata.errs   0x0800e8e4       0x36 ./Core/libscpi/src/error.o
 *fill*         0x0800e91a        0x2 
 .rodata.SCPI_ErrorTranslate
                0x0800e91c      0x118 ./Core/libscpi/src/error.o
 .rodata.SCPI_RegSet
                0x0800ea34       0x2c ./Core/libscpi/src/ieee488.o
 .rodata.scpi_bool_def
                0x0800ea60       0x18 ./Core/libscpi/src/parser.o
                0x0800ea60                scpi_bool_def
 .rodata.scpi_units_def
                0x0800ea78      0x1b0 ./Core/libscpi/src/units.o
                0x0800ea78                scpi_units_def
 .rodata.USBD_StdDevReq
                0x0800ec28       0x28 ./Middlewares/ST/STM32_USB_Device_Library/Core/Src/usbd_ctlreq.o
 .rodata.USBD_GetDescriptor
                0x0800ec50       0x38 ./Middlewares/ST/STM32_USB_Device_Library/Core/Src/usbd_ctlreq.o
 .rodata.CDC_Control_FS
                0x0800ec88       0x90 ./USB_DEVICE/App/usbd_cdc_if.o
 .rodata._ctype_
                0x0800ed18      0x101 C:/ST/STM32CubeIDE_1.15.1/STM32CubeIDE/plugins/com.st.stm32cube.ide.mcu.externaltools.gnu-tools-for-stm32.12.3.rel1.win32_1.1.0.202410251130/tools/bin/../lib/gcc/arm-none-eabi/12.3.1/../../../../arm-none-eabi/lib/thumb/v6-m/nofp\libc_nano.a(libc_a-ctype_.o)
                0x0800ed18                _ctype_
 .rodata._svfprintf_r.str1.1
                0x0800ee19       0x11 C:/ST/STM32CubeIDE_1.15.1/STM32CubeIDE/plugins/com.st.stm32cube.ide.mcu.externaltools.gnu-tools-for-stm32.12.3.rel1.win32_1.1.0.202410251130/tools/bin/../lib/gcc/arm-none-eabi/12.3.1/../../../../arm-none-eabi/lib/thumb/v6-m/nofp\libc_nano.a(libc_a-nano-svfprintf.o)
 .rodata._printf_i.str1.1
                0x0800ee2a       0x22 C:/ST/STM32CubeIDE_1.15.1/STM32CubeIDE/plugins/com.st.stm32cube.ide.mcu.externaltools.gnu-tools-for-stm32.12.3.rel1.win32_1.1.0.202410251130/tools/bin/../lib/gcc/arm-none-eabi/12.3.1/../../../../arm-none-eabi/lib/thumb/v6-m/nofp\libc_nano.a(libc_a-nano-vfprintf_i.o)
                0x0800ee4c                        . = ALIGN (0x4)

.ARM.extab      0x0800ee4c        0x0
                0x0800ee4c                        . = ALIGN (0x4)
 *(.ARM.extab* .gnu.linkonce.armextab.*)
                0x0800ee4c                        . = ALIGN (0x4)

.ARM            0x0800ee4c        0x8
                0x0800ee4c                        . = ALIGN (0x4)
                0x0800ee4c                        __exidx_start = .
 *(.ARM.exidx*)
 .ARM.exidx     0x0800ee4c        0x8 C:/ST/STM32CubeIDE_1.15.1/STM32CubeIDE/plugins/com.st.stm32cube.ide.mcu.externaltools.gnu-tools-for-stm32.12.3.rel1.win32_1.1.0.202410251130/tools/bin/../lib/gcc/arm-none-eabi/12.3.1/thumb/v6-m/nofp\libgcc.a(_udivmoddi4.o)
                0x0800ee54                        __exidx_end = .
                0x0800ee54                        . = ALIGN (0x4)

.preinit_array  0x0800ee54        0x0
                0x0800ee54                        . = ALIGN (0x4)
                0x0800ee54                        PROVIDE (__preinit_array_start = .)
 *(.preinit_array*)
                0x0800ee54                        PROVIDE (__preinit_array_end = .)
                0x0800ee54                        . = ALIGN (0x4)

.init_array     0x0800ee54        0x4
                0x0800ee54                        . = ALIGN (0x4)
                0x0800ee54                        PROVIDE (__init_array_start = .)
 *(SORT_BY_NAME(.init_array.*))
 *(.init_array*)
 .init_array    0x0800ee54        0x4 C:/ST/STM32CubeIDE_1.15.1/STM32CubeIDE/plugins/com.st.stm32cube.ide.mcu.externaltools.gnu-tools-for-stm32.12.3.rel1.win32_1.1.0.202410251130/tools/bin/../lib/gcc/arm-none-eabi/12.3.1/thumb/v6-m/nofp/crtbegin.o
                0x0800ee58                        PROVIDE (__init_array_end = .)
                0x0800ee58                        . = ALIGN (0x4)

.fini_array     0x0800ee58        0x4
                0x0800ee58                        . = ALIGN (0x4)
                [!provide]                        PROVIDE (__fini_array_start = .)
 *(SORT_BY_NAME(.fini_array.*))
 *(.fini_array*)
 .fini_array    0x0800ee58        0x4 C:/ST/STM32CubeIDE_1.15.1/STM32CubeIDE/plugins/com.st.stm32cube.ide.mcu.externaltools.gnu-tools-for-stm32.12.3.rel1.win32_1.1.0.202410251130/tools/bin/../lib/gcc/arm-none-eabi/12.3.1/thumb/v6-m/nofp/crtbegin.o
                [!provide]                        PROVIDE (__fini_array_end = .)
                0x0800ee5c                        . = ALIGN (0x4)
                0x0800ee5c                        _sidata = LOADADDR (.data)

.rel.dyn        0x0800ee5c        0x0
 .rel.iplt      0x0800ee5c        0x0 C:/ST/STM32CubeIDE_1.15.1/STM32CubeIDE/plugins/com.st.stm32cube.ide.mcu.externaltools.gnu-tools-for-stm32.12.3.rel1.win32_1.1.0.202410251130/tools/bin/../lib/gcc/arm-none-eabi/12.3.1/thumb/v6-m/nofp/crtbegin.o

.data           0x20000000      0x210 load address 0x0800ee5c
                0x20000000                        . = ALIGN (0x4)
                0x20000000                        _sdata = .
 *(.data)
 *(.data*)
 .data.voltage  0x20000000        0x4 ./Core/Src/scpi-def.o
 *fill*         0x20000004        0x4 
 .data.output   0x20000008        0x8 ./Core/Src/scpi-def.o
 .data.trigger_source
                0x20000010       0x20 ./Core/Src/scpi-def.o
                0x20000010                trigger_source
 .data.scpi_interface
                0x20000030       0x14 ./Core/Src/scpi-def.o
                0x20000030                scpi_interface
 .data.SystemCoreClock
                0x20000044        0x4 ./Core/Src/system_stm32l0xx.o
                0x20000044                SystemCoreClock
 .data.uwTickPrio
                0x20000048        0x4 ./Drivers/STM32L0xx_HAL_Driver/Src/stm32l0xx_hal.o
                0x20000048                uwTickPrio
 .data.uwTickFreq
                0x2000004c        0x1 ./Drivers/STM32L0xx_HAL_Driver/Src/stm32l0xx_hal.o
                0x2000004c                uwTickFreq
 *fill*         0x2000004d        0x3 
 .data.USBD_CDC_DeviceQualifierDesc
                0x20000050        0xa ./Middlewares/ST/STM32_USB_Device_Library/Class/CDC/Src/usbd_cdc.o
 *fill*         0x2000005a        0x2 
 .data.USBD_CDC
                0x2000005c       0x38 ./Middlewares/ST/STM32_USB_Device_Library/Class/CDC/Src/usbd_cdc.o
                0x2000005c                USBD_CDC
 .data.USBD_CDC_CfgHSDesc
                0x20000094       0x43 ./Middlewares/ST/STM32_USB_Device_Library/Class/CDC/Src/usbd_cdc.o
                0x20000094                USBD_CDC_CfgHSDesc
 *fill*         0x200000d7        0x1 
 .data.USBD_CDC_CfgFSDesc
                0x200000d8       0x43 ./Middlewares/ST/STM32_USB_Device_Library/Class/CDC/Src/usbd_cdc.o
                0x200000d8                USBD_CDC_CfgFSDesc
 *fill*         0x2000011b        0x1 
 .data.USBD_CDC_OtherSpeedCfgDesc
                0x2000011c       0x43 ./Middlewares/ST/STM32_USB_Device_Library/Class/CDC/Src/usbd_cdc.o
                0x2000011c                USBD_CDC_OtherSpeedCfgDesc
 *fill*         0x2000015f        0x1 
 .data.USBD_Interface_fops_FS
                0x20000160       0x10 ./USB_DEVICE/App/usbd_cdc_if.o
                0x20000160                USBD_Interface_fops_FS
 .data.FS_Desc  0x20000170       0x1c ./USB_DEVICE/App/usbd_desc.o
                0x20000170                FS_Desc
 .data.USBD_FS_DeviceDesc
                0x2000018c       0x12 ./USB_DEVICE/App/usbd_desc.o
                0x2000018c                USBD_FS_DeviceDesc
 *fill*         0x2000019e        0x2 
 .data.USBD_LangIDDesc
                0x200001a0        0x4 ./USB_DEVICE/App/usbd_desc.o
                0x200001a0                USBD_LangIDDesc
 .data.USBD_StringSerial
                0x200001a4       0x1a ./USB_DEVICE/App/usbd_desc.o
                0x200001a4                USBD_StringSerial
 *fill*         0x200001be        0x2 
 .data._impure_ptr
                0x200001c0        0x4 C:/ST/STM32CubeIDE_1.15.1/STM32CubeIDE/plugins/com.st.stm32cube.ide.mcu.externaltools.gnu-tools-for-stm32.12.3.rel1.win32_1.1.0.202410251130/tools/bin/../lib/gcc/arm-none-eabi/12.3.1/../../../../arm-none-eabi/lib/thumb/v6-m/nofp\libc_nano.a(libc_a-impure.o)
                0x200001c0                _impure_ptr
 .data._impure_data
                0x200001c4       0x4c C:/ST/STM32CubeIDE_1.15.1/STM32CubeIDE/plugins/com.st.stm32cube.ide.mcu.externaltools.gnu-tools-for-stm32.12.3.rel1.win32_1.1.0.202410251130/tools/bin/../lib/gcc/arm-none-eabi/12.3.1/../../../../arm-none-eabi/lib/thumb/v6-m/nofp\libc_nano.a(libc_a-impure.o)
                0x200001c4                _impure_data
 *(.RamFunc)
 *(.RamFunc*)
                0x20000210                        . = ALIGN (0x4)
                0x20000210                        _edata = .

.igot.plt       0x20000210        0x0 load address 0x0800f06c
 .igot.plt      0x20000210        0x0 C:/ST/STM32CubeIDE_1.15.1/STM32CubeIDE/plugins/com.st.stm32cube.ide.mcu.externaltools.gnu-tools-for-stm32.12.3.rel1.win32_1.1.0.202410251130/tools/bin/../lib/gcc/arm-none-eabi/12.3.1/thumb/v6-m/nofp/crtbegin.o
                0x20000210                        . = ALIGN (0x4)

.bss            0x20000210     0x15a8 load address 0x0800f06c
                0x20000210                        _sbss = .
                0x20000210                        __bss_start__ = _sbss
 *(.bss)
 .bss           0x20000210       0x1c C:/ST/STM32CubeIDE_1.15.1/STM32CubeIDE/plugins/com.st.stm32cube.ide.mcu.externaltools.gnu-tools-for-stm32.12.3.rel1.win32_1.1.0.202410251130/tools/bin/../lib/gcc/arm-none-eabi/12.3.1/thumb/v6-m/nofp/crtbegin.o
 *(.bss*)
 .bss.hspi1     0x2000022c       0x58 ./Core/Src/main.o
                0x2000022c                hspi1
 .bss.htim2     0x20000284       0x40 ./Core/Src/main.o
                0x20000284                htim2
 .bss.is_new_data_ready
                0x200002c4        0x1 ./Core/Src/main.o
                0x200002c4                is_new_data_ready
 *fill*         0x200002c5        0x3 
 .bss.new_data_length
                0x200002c8        0x4 ./Core/Src/main.o
                0x200002c8                new_data_length
 .bss.scpi_input_buffer
                0x200002cc      0x100 ./Core/Src/scpi-def.o
                0x200002cc                scpi_input_buffer
 .bss.scpi_error_queue_data
                0x200003cc       0x22 ./Core/Src/scpi-def.o
                0x200003cc                scpi_error_queue_data
 *fill*         0x200003ee        0x2 
 .bss.scpi_context
                0x200003f0       0x98 ./Core/Src/scpi-def.o
                0x200003f0                scpi_context
 .bss.__sbrk_heap_end
                0x20000488        0x4 ./Core/Src/sysmem.o
 .bss.uwTick    0x2000048c        0x4 ./Drivers/STM32L0xx_HAL_Driver/Src/stm32l0xx_hal.o
                0x2000048c                uwTick
 .bss.cfgidx.0  0x20000490        0x1 ./Middlewares/ST/STM32_USB_Device_Library/Core/Src/usbd_ctlreq.o
 *fill*         0x20000491        0x3 
 .bss.hUsbDeviceFS
                0x20000494      0x2c4 ./USB_DEVICE/App/usb_device.o
                0x20000494                hUsbDeviceFS
 .bss.UserRxBufferFS
                0x20000758      0x400 ./USB_DEVICE/App/usbd_cdc_if.o
                0x20000758                UserRxBufferFS
 .bss.UserTxBufferFS
                0x20000b58      0x400 ./USB_DEVICE/App/usbd_cdc_if.o
                0x20000b58                UserTxBufferFS
 .bss.USBRx     0x20000f58        0x4 ./USB_DEVICE/App/usbd_cdc_if.o
                0x20000f58                USBRx
 .bss.USBD_StrDesc
                0x20000f5c      0x200 ./USB_DEVICE/App/usbd_desc.o
                0x20000f5c                USBD_StrDesc
 .bss.hpcd_USB_FS
                0x2000115c      0x2f4 ./USB_DEVICE/Target/usbd_conf.o
                0x2000115c                hpcd_USB_FS
 .bss.mem.0     0x20001450      0x220 ./USB_DEVICE/Target/usbd_conf.o
 .bss.__sf      0x20001670      0x138 C:/ST/STM32CubeIDE_1.15.1/STM32CubeIDE/plugins/com.st.stm32cube.ide.mcu.externaltools.gnu-tools-for-stm32.12.3.rel1.win32_1.1.0.202410251130/tools/bin/../lib/gcc/arm-none-eabi/12.3.1/../../../../arm-none-eabi/lib/thumb/v6-m/nofp\libc_nano.a(libc_a-findfp.o)
                0x20001670                __sf
 .bss.errno     0x200017a8        0x4 C:/ST/STM32CubeIDE_1.15.1/STM32CubeIDE/plugins/com.st.stm32cube.ide.mcu.externaltools.gnu-tools-for-stm32.12.3.rel1.win32_1.1.0.202410251130/tools/bin/../lib/gcc/arm-none-eabi/12.3.1/../../../../arm-none-eabi/lib/thumb/v6-m/nofp\libc_nano.a(libc_a-reent.o)
                0x200017a8                errno
 .bss.__lock___malloc_recursive_mutex
                0x200017ac        0x1 C:/ST/STM32CubeIDE_1.15.1/STM32CubeIDE/plugins/com.st.stm32cube.ide.mcu.externaltools.gnu-tools-for-stm32.12.3.rel1.win32_1.1.0.202410251130/tools/bin/../lib/gcc/arm-none-eabi/12.3.1/../../../../arm-none-eabi/lib/thumb/v6-m/nofp\libc_nano.a(libc_a-lock.o)
                0x200017ac                __lock___malloc_recursive_mutex
 *fill*         0x200017ad        0x3 
 .bss.__malloc_sbrk_start
                0x200017b0        0x4 C:/ST/STM32CubeIDE_1.15.1/STM32CubeIDE/plugins/com.st.stm32cube.ide.mcu.externaltools.gnu-tools-for-stm32.12.3.rel1.win32_1.1.0.202410251130/tools/bin/../lib/gcc/arm-none-eabi/12.3.1/../../../../arm-none-eabi/lib/thumb/v6-m/nofp\libc_nano.a(libc_a-mallocr.o)
                0x200017b0                __malloc_sbrk_start
 .bss.__malloc_free_list
                0x200017b4        0x4 C:/ST/STM32CubeIDE_1.15.1/STM32CubeIDE/plugins/com.st.stm32cube.ide.mcu.externaltools.gnu-tools-for-stm32.12.3.rel1.win32_1.1.0.202410251130/tools/bin/../lib/gcc/arm-none-eabi/12.3.1/../../../../arm-none-eabi/lib/thumb/v6-m/nofp\libc_nano.a(libc_a-mallocr.o)
                0x200017b4                __malloc_free_list
 *(COMMON)
                0x200017b8                        . = ALIGN (0x4)
                0x200017b8                        _ebss = .
                0x200017b8                        __bss_end__ = _ebss

._user_heap_stack
                0x200017b8      0x600 load address 0x0800f06c
                0x200017b8                        . = ALIGN (0x8)
                [!provide]                        PROVIDE (end = .)
                0x200017b8                        PROVIDE (_end = .)
                0x200019b8                        . = (. + _Min_Heap_Size)
 *fill*         0x200017b8      0x200 
                0x20001db8                        . = (. + _Min_Stack_Size)
 *fill*         0x200019b8      0x400 
                0x20001db8                        . = ALIGN (0x8)

/DISCARD/
 libc.a(*)
 libm.a(*)
 libgcc.a(*)

.ARM.attributes
                0x00000000       0x28
 *(.ARM.attributes)
 .ARM.attributes
                0x00000000       0x1e C:/ST/STM32CubeIDE_1.15.1/STM32CubeIDE/plugins/com.st.stm32cube.ide.mcu.externaltools.gnu-tools-for-stm32.12.3.rel1.win32_1.1.0.202410251130/tools/bin/../lib/gcc/arm-none-eabi/12.3.1/thumb/v6-m/nofp/crti.o
 .ARM.attributes
                0x0000001e       0x2c C:/ST/STM32CubeIDE_1.15.1/STM32CubeIDE/plugins/com.st.stm32cube.ide.mcu.externaltools.gnu-tools-for-stm32.12.3.rel1.win32_1.1.0.202410251130/tools/bin/../lib/gcc/arm-none-eabi/12.3.1/thumb/v6-m/nofp/crtbegin.o
 .ARM.attributes
                0x0000004a       0x2c ./Core/Src/main.o
 .ARM.attributes
                0x00000076       0x2c ./Core/Src/max6675.o
 .ARM.attributes
                0x000000a2       0x2c ./Core/Src/scpi-com.o
 .ARM.attributes
                0x000000ce       0x2c ./Core/Src/scpi-def.o
 .ARM.attributes
                0x000000fa       0x2c ./Core/Src/stm32l0xx_hal_msp.o
 .ARM.attributes
                0x00000126       0x2c ./Core/Src/stm32l0xx_it.o
 .ARM.attributes
                0x00000152       0x2c ./Core/Src/sysmem.o
 .ARM.attributes
                0x0000017e       0x2c ./Core/Src/system_stm32l0xx.o
 .ARM.attributes
                0x000001aa       0x22 ./Core/Startup/startup_stm32l072kztx.o
 .ARM.attributes
                0x000001cc       0x2c ./Core/libscpi/src/error.o
 .ARM.attributes
                0x000001f8       0x2c ./Core/libscpi/src/expression.o
 .ARM.attributes
                0x00000224       0x2c ./Core/libscpi/src/fifo.o
 .ARM.attributes
                0x00000250       0x2c ./Core/libscpi/src/ieee488.o
 .ARM.attributes
                0x0000027c       0x2c ./Core/libscpi/src/lexer.o
 .ARM.attributes
                0x000002a8       0x2c ./Core/libscpi/src/minimal.o
 .ARM.attributes
                0x000002d4       0x2c ./Core/libscpi/src/parser.o
 .ARM.attributes
                0x00000300       0x2c ./Core/libscpi/src/units.o
 .ARM.attributes
                0x0000032c       0x2c ./Core/libscpi/src/utils.o
 .ARM.attributes
                0x00000358       0x2c ./Drivers/STM32L0xx_HAL_Driver/Src/stm32l0xx_hal.o
 .ARM.attributes
                0x00000384       0x2c ./Drivers/STM32L0xx_HAL_Driver/Src/stm32l0xx_hal_cortex.o
 .ARM.attributes
                0x000003b0       0x2c ./Drivers/STM32L0xx_HAL_Driver/Src/stm32l0xx_hal_gpio.o
 .ARM.attributes
                0x000003dc       0x2c ./Drivers/STM32L0xx_HAL_Driver/Src/stm32l0xx_hal_pcd.o
 .ARM.attributes
                0x00000408       0x2c ./Drivers/STM32L0xx_HAL_Driver/Src/stm32l0xx_hal_pcd_ex.o
 .ARM.attributes
                0x00000434       0x2c ./Drivers/STM32L0xx_HAL_Driver/Src/stm32l0xx_hal_rcc.o
 .ARM.attributes
                0x00000460       0x2c ./Drivers/STM32L0xx_HAL_Driver/Src/stm32l0xx_hal_rcc_ex.o
 .ARM.attributes
                0x0000048c       0x2c ./Drivers/STM32L0xx_HAL_Driver/Src/stm32l0xx_hal_spi.o
 .ARM.attributes
                0x000004b8       0x2c ./Drivers/STM32L0xx_HAL_Driver/Src/stm32l0xx_hal_tim.o
 .ARM.attributes
                0x000004e4       0x2c ./Drivers/STM32L0xx_HAL_Driver/Src/stm32l0xx_hal_tim_ex.o
 .ARM.attributes
                0x00000510       0x2c ./Drivers/STM32L0xx_HAL_Driver/Src/stm32l0xx_ll_usb.o
 .ARM.attributes
                0x0000053c       0x2c ./Middlewares/ST/STM32_USB_Device_Library/Class/CDC/Src/usbd_cdc.o
 .ARM.attributes
                0x00000568       0x2c ./Middlewares/ST/STM32_USB_Device_Library/Core/Src/usbd_core.o
 .ARM.attributes
                0x00000594       0x2c ./Middlewares/ST/STM32_USB_Device_Library/Core/Src/usbd_ctlreq.o
 .ARM.attributes
                0x000005c0       0x2c ./Middlewares/ST/STM32_USB_Device_Library/Core/Src/usbd_ioreq.o
 .ARM.attributes
                0x000005ec       0x2c ./USB_DEVICE/App/usb_device.o
 .ARM.attributes
                0x00000618       0x2c ./USB_DEVICE/App/usbd_cdc_if.o
 .ARM.attributes
                0x00000644       0x2c ./USB_DEVICE/App/usbd_desc.o
 .ARM.attributes
                0x00000670       0x2c ./USB_DEVICE/Target/usbd_conf.o
 .ARM.attributes
                0x0000069c       0x2c C:/ST/STM32CubeIDE_1.15.1/STM32CubeIDE/plugins/com.st.stm32cube.ide.mcu.externaltools.gnu-tools-for-stm32.12.3.rel1.win32_1.1.0.202410251130/tools/bin/../lib/gcc/arm-none-eabi/12.3.1/../../../../arm-none-eabi/lib/thumb/v6-m/nofp\libc_nano.a(libc_a-strtol.o)
 .ARM.attributes
                0x000006c8       0x2c C:/ST/STM32CubeIDE_1.15.1/STM32CubeIDE/plugins/com.st.stm32cube.ide.mcu.externaltools.gnu-tools-for-stm32.12.3.rel1.win32_1.1.0.202410251130/tools/bin/../lib/gcc/arm-none-eabi/12.3.1/../../../../arm-none-eabi/lib/thumb/v6-m/nofp\libc_nano.a(libc_a-strtoul.o)
 .ARM.attributes